Archive member included because of file (symbol)

c:/users/user/desktop/iti/imt_sdk_win_32/winavr/bin/../lib/gcc/avr/4.3.3/avr5\libgcc.a(_exit.o)
                              c:/users/user/desktop/iti/imt_sdk_win_32/winavr/bin/../lib/gcc/avr/4.3.3/../../../../avr/lib/avr5/crtm32.o (exit)
c:/users/user/desktop/iti/imt_sdk_win_32/winavr/bin/../lib/gcc/avr/4.3.3/avr5\libgcc.a(_clear_bss.o)
                              ./MCAL/INTERRUPT/INT0_Program.o (__do_clear_bss)

Allocating common symbols
Common symbol       size              file

STATE               0x1               ./APP/App.o
Flag                0x1               ./APP/App.o

Memory Configuration

Name             Origin             Length             Attributes
text             0x00000000         0x00020000         xr
data             0x00800060         0x0000ffa0         rw !x
eeprom           0x00810000         0x00010000         rw !x
fuse             0x00820000         0x00000400         rw !x
lock             0x00830000         0x00000400         rw !x
signature        0x00840000         0x00000400         rw !x
*default*        0x00000000         0xffffffff

Linker script and memory map

LOAD c:/users/user/desktop/iti/imt_sdk_win_32/winavr/bin/../lib/gcc/avr/4.3.3/../../../../avr/lib/avr5/crtm32.o
LOAD ./main/main.o
LOAD ./MCAL/TIMER/TIMER_Program.o
LOAD ./MCAL/INTERRUPT/INT0_Program.o
LOAD ./MCAL/DIO/DIO_Program.o
LOAD ./HAL/LED/LED.o
LOAD ./HAL/BUTTON/BUTTON.o
LOAD ./APP/App.o
LOAD c:/users/user/desktop/iti/imt_sdk_win_32/winavr/bin/../lib/gcc/avr/4.3.3/avr5\libgcc.a
LOAD c:/users/user/desktop/iti/imt_sdk_win_32/winavr/bin/../lib/gcc/avr/4.3.3/../../../../avr/lib/avr5\libc.a
LOAD c:/users/user/desktop/iti/imt_sdk_win_32/winavr/bin/../lib/gcc/avr/4.3.3/avr5\libgcc.a

.hash
 *(.hash)

.dynsym
 *(.dynsym)

.dynstr
 *(.dynstr)

.gnu.version
 *(.gnu.version)

.gnu.version_d
 *(.gnu.version_d)

.gnu.version_r
 *(.gnu.version_r)

.rel.init
 *(.rel.init)

.rela.init
 *(.rela.init)

.rel.text
 *(.rel.text)
 *(.rel.text.*)
 *(.rel.gnu.linkonce.t*)

.rela.text
 *(.rela.text)
 *(.rela.text.*)
 *(.rela.gnu.linkonce.t*)

.rel.fini
 *(.rel.fini)

.rela.fini
 *(.rela.fini)

.rel.rodata
 *(.rel.rodata)
 *(.rel.rodata.*)
 *(.rel.gnu.linkonce.r*)

.rela.rodata
 *(.rela.rodata)
 *(.rela.rodata.*)
 *(.rela.gnu.linkonce.r*)

.rel.data
 *(.rel.data)
 *(.rel.data.*)
 *(.rel.gnu.linkonce.d*)

.rela.data
 *(.rela.data)
 *(.rela.data.*)
 *(.rela.gnu.linkonce.d*)

.rel.ctors
 *(.rel.ctors)

.rela.ctors
 *(.rela.ctors)

.rel.dtors
 *(.rel.dtors)

.rela.dtors
 *(.rela.dtors)

.rel.got
 *(.rel.got)

.rela.got
 *(.rela.got)

.rel.bss
 *(.rel.bss)

.rela.bss
 *(.rela.bss)

.rel.plt
 *(.rel.plt)

.rela.plt
 *(.rela.plt)

.text           0x00000000      0xdb0
 *(.vectors)
 .vectors       0x00000000       0x54 c:/users/user/desktop/iti/imt_sdk_win_32/winavr/bin/../lib/gcc/avr/4.3.3/../../../../avr/lib/avr5/crtm32.o
                0x00000000                __vectors
                0x00000000                __vector_default
 *(.vectors)
 *(.progmem.gcc*)
 *(.progmem*)
                0x00000054                . = ALIGN (0x2)
                0x00000054                __trampolines_start = .
 *(.trampolines)
 .trampolines   0x00000054        0x0 linker stubs
 *(.trampolines*)
                0x00000054                __trampolines_end = .
 *(.jumptables)
 *(.jumptables*)
 *(.lowtext)
 *(.lowtext*)
                0x00000054                __ctors_start = .
 *(.ctors)
                0x00000054                __ctors_end = .
                0x00000054                __dtors_start = .
 *(.dtors)
                0x00000054                __dtors_end = .
 SORT(*)(.ctors)
 SORT(*)(.dtors)
 *(.init0)
 .init0         0x00000054        0x0 c:/users/user/desktop/iti/imt_sdk_win_32/winavr/bin/../lib/gcc/avr/4.3.3/../../../../avr/lib/avr5/crtm32.o
                0x00000054                __init
 *(.init0)
 *(.init1)
 *(.init1)
 *(.init2)
 .init2         0x00000054        0xc c:/users/user/desktop/iti/imt_sdk_win_32/winavr/bin/../lib/gcc/avr/4.3.3/../../../../avr/lib/avr5/crtm32.o
 *(.init2)
 *(.init3)
 *(.init3)
 *(.init4)
 .init4         0x00000060       0x10 c:/users/user/desktop/iti/imt_sdk_win_32/winavr/bin/../lib/gcc/avr/4.3.3/avr5\libgcc.a(_clear_bss.o)
                0x00000060                __do_clear_bss
 *(.init4)
 *(.init5)
 *(.init5)
 *(.init6)
 *(.init6)
 *(.init7)
 *(.init7)
 *(.init8)
 *(.init8)
 *(.init9)
 .init9         0x00000070        0x8 c:/users/user/desktop/iti/imt_sdk_win_32/winavr/bin/../lib/gcc/avr/4.3.3/../../../../avr/lib/avr5/crtm32.o
 *(.init9)
 *(.text)
 .text          0x00000078        0x4 c:/users/user/desktop/iti/imt_sdk_win_32/winavr/bin/../lib/gcc/avr/4.3.3/../../../../avr/lib/avr5/crtm32.o
                0x00000078                __vector_12
                0x00000078                __bad_interrupt
                0x00000078                __vector_6
                0x00000078                __vector_3
                0x00000078                __vector_11
                0x00000078                __vector_13
                0x00000078                __vector_17
                0x00000078                __vector_19
                0x00000078                __vector_7
                0x00000078                __vector_5
                0x00000078                __vector_4
                0x00000078                __vector_9
                0x00000078                __vector_2
                0x00000078                __vector_15
                0x00000078                __vector_8
                0x00000078                __vector_14
                0x00000078                __vector_10
                0x00000078                __vector_16
                0x00000078                __vector_18
                0x00000078                __vector_20
 .text          0x0000007c        0x0 ./main/main.o
 .text          0x0000007c        0x0 ./MCAL/TIMER/TIMER_Program.o
 .text          0x0000007c        0x0 ./MCAL/INTERRUPT/INT0_Program.o
 .text          0x0000007c        0x0 ./MCAL/DIO/DIO_Program.o
 .text          0x0000007c        0x0 ./HAL/LED/LED.o
 .text          0x0000007c        0x0 ./HAL/BUTTON/BUTTON.o
 .text          0x0000007c        0x0 ./APP/App.o
 .text          0x0000007c        0x0 c:/users/user/desktop/iti/imt_sdk_win_32/winavr/bin/../lib/gcc/avr/4.3.3/avr5\libgcc.a(_exit.o)
 .text          0x0000007c        0x0 c:/users/user/desktop/iti/imt_sdk_win_32/winavr/bin/../lib/gcc/avr/4.3.3/avr5\libgcc.a(_clear_bss.o)
                0x0000007c                . = ALIGN (0x2)
 *(.text.*)
 .text.main     0x0000007c       0x70 ./main/main.o
                0x0000007c                main
 .text.TIMER_voidInit
                0x000000ec       0x4e ./MCAL/TIMER/TIMER_Program.o
                0x000000ec                TIMER_voidInit
 .text.Timer_voidDelayms
                0x0000013a       0xfc ./MCAL/TIMER/TIMER_Program.o
                0x0000013a                Timer_voidDelayms
 .text.INT_voidGlobalInterrupt
                0x00000236       0x1c ./MCAL/INTERRUPT/INT0_Program.o
                0x00000236                INT_voidGlobalInterrupt
 .text.INT0_voidInit
                0x00000252       0x2a ./MCAL/INTERRUPT/INT0_Program.o
                0x00000252                INT0_voidInit
 .text.INT0_voidEnable
                0x0000027c       0x1c ./MCAL/INTERRUPT/INT0_Program.o
                0x0000027c                INT0_voidEnable
 .text.INT0_voidDisable
                0x00000298       0x1c ./MCAL/INTERRUPT/INT0_Program.o
                0x00000298                INT0_voidDisable
 .text.INT0_voidCallBack
                0x000002b4       0x24 ./MCAL/INTERRUPT/INT0_Program.o
                0x000002b4                INT0_voidCallBack
 .text.__vector_1
                0x000002d8       0x5a ./MCAL/INTERRUPT/INT0_Program.o
                0x000002d8                __vector_1
 .text.DIO_voidSetDirectionPin
                0x00000332      0x200 ./MCAL/DIO/DIO_Program.o
                0x00000332                DIO_voidSetDirectionPin
 .text.DIO_voidSetvaluePin
                0x00000532      0x200 ./MCAL/DIO/DIO_Program.o
                0x00000532                DIO_voidSetvaluePin
 .text.DIO_voidPullUPPin
                0x00000732      0x198 ./MCAL/DIO/DIO_Program.o
                0x00000732                DIO_voidPullUPPin
 .text.DIO_voidReadvaluePin
                0x000008ca       0xf2 ./MCAL/DIO/DIO_Program.o
                0x000008ca                DIO_voidReadvaluePin
 .text.LED_voidON_OFF
                0x000009bc       0x90 ./HAL/LED/LED.o
                0x000009bc                LED_voidON_OFF
 .text.BUTTON_voidPressed_NOT
                0x00000a4c       0x90 ./HAL/BUTTON/BUTTON.o
                0x00000a4c                BUTTON_voidPressed_NOT
 .text.AppInit  0x00000adc       0x7a ./APP/App.o
                0x00000adc                AppInit
 .text.AppStart
                0x00000b56       0xf4 ./APP/App.o
                0x00000b56                AppStart
 .text.ISR_Pedestrian
                0x00000c4a      0x162 ./APP/App.o
                0x00000c4a                ISR_Pedestrian
 .text.libgcc   0x00000dac        0x0 c:/users/user/desktop/iti/imt_sdk_win_32/winavr/bin/../lib/gcc/avr/4.3.3/avr5\libgcc.a(_exit.o)
 .text.libgcc   0x00000dac        0x0 c:/users/user/desktop/iti/imt_sdk_win_32/winavr/bin/../lib/gcc/avr/4.3.3/avr5\libgcc.a(_clear_bss.o)
                0x00000dac                . = ALIGN (0x2)
 *(.fini9)
 .fini9         0x00000dac        0x0 c:/users/user/desktop/iti/imt_sdk_win_32/winavr/bin/../lib/gcc/avr/4.3.3/avr5\libgcc.a(_exit.o)
                0x00000dac                exit
                0x00000dac                _exit
 *(.fini9)
 *(.fini8)
 *(.fini8)
 *(.fini7)
 *(.fini7)
 *(.fini6)
 *(.fini6)
 *(.fini5)
 *(.fini5)
 *(.fini4)
 *(.fini4)
 *(.fini3)
 *(.fini3)
 *(.fini2)
 *(.fini2)
 *(.fini1)
 *(.fini1)
 *(.fini0)
 .fini0         0x00000dac        0x4 c:/users/user/desktop/iti/imt_sdk_win_32/winavr/bin/../lib/gcc/avr/4.3.3/avr5\libgcc.a(_exit.o)
 *(.fini0)
                0x00000db0                _etext = .

.data           0x00800060        0x0 load address 0x00000db0
                0x00800060                PROVIDE (__data_start, .)
 *(.data)
 .data          0x00800060        0x0 c:/users/user/desktop/iti/imt_sdk_win_32/winavr/bin/../lib/gcc/avr/4.3.3/../../../../avr/lib/avr5/crtm32.o
 .data          0x00800060        0x0 ./main/main.o
 .data          0x00800060        0x0 ./MCAL/TIMER/TIMER_Program.o
 .data          0x00800060        0x0 ./MCAL/INTERRUPT/INT0_Program.o
 .data          0x00800060        0x0 ./MCAL/DIO/DIO_Program.o
 .data          0x00800060        0x0 ./HAL/LED/LED.o
 .data          0x00800060        0x0 ./HAL/BUTTON/BUTTON.o
 .data          0x00800060        0x0 ./APP/App.o
 .data          0x00800060        0x0 c:/users/user/desktop/iti/imt_sdk_win_32/winavr/bin/../lib/gcc/avr/4.3.3/avr5\libgcc.a(_exit.o)
 .data          0x00800060        0x0 c:/users/user/desktop/iti/imt_sdk_win_32/winavr/bin/../lib/gcc/avr/4.3.3/avr5\libgcc.a(_clear_bss.o)
 *(.data*)
 *(.rodata)
 *(.rodata*)
 *(.gnu.linkonce.d*)
                0x00800060                . = ALIGN (0x2)
                0x00800060                _edata = .
                0x00800060                PROVIDE (__data_end, .)

.bss            0x00800060        0x4
                0x00800060                PROVIDE (__bss_start, .)
 *(.bss)
 .bss           0x00800060        0x0 c:/users/user/desktop/iti/imt_sdk_win_32/winavr/bin/../lib/gcc/avr/4.3.3/../../../../avr/lib/avr5/crtm32.o
 .bss           0x00800060        0x0 ./main/main.o
 .bss           0x00800060        0x0 ./MCAL/TIMER/TIMER_Program.o
 .bss           0x00800060        0x0 ./MCAL/INTERRUPT/INT0_Program.o
 .bss           0x00800060        0x0 ./MCAL/DIO/DIO_Program.o
 .bss           0x00800060        0x0 ./HAL/LED/LED.o
 .bss           0x00800060        0x0 ./HAL/BUTTON/BUTTON.o
 .bss           0x00800060        0x0 ./APP/App.o
 .bss           0x00800060        0x0 c:/users/user/desktop/iti/imt_sdk_win_32/winavr/bin/../lib/gcc/avr/4.3.3/avr5\libgcc.a(_exit.o)
 .bss           0x00800060        0x0 c:/users/user/desktop/iti/imt_sdk_win_32/winavr/bin/../lib/gcc/avr/4.3.3/avr5\libgcc.a(_clear_bss.o)
 *(.bss*)
 .bss.INT0_CallBack
                0x00800060        0x2 ./MCAL/INTERRUPT/INT0_Program.o
                0x00800060                INT0_CallBack
 *(COMMON)
 COMMON         0x00800062        0x2 ./APP/App.o
                0x00800062                STATE
                0x00800063                Flag
                0x00800064                PROVIDE (__bss_end, .)
                0x00000db0                __data_load_start = LOADADDR (.data)
                0x00000db0                __data_load_end = (__data_load_start + SIZEOF (.data))

.noinit         0x00800064        0x0
                0x00800064                PROVIDE (__noinit_start, .)
 *(.noinit*)
                0x00800064                PROVIDE (__noinit_end, .)
                0x00800064                _end = .
                0x00800064                PROVIDE (__heap_start, .)

.eeprom         0x00810000        0x0
 *(.eeprom*)
                0x00810000                __eeprom_end = .

.fuse
 *(.fuse)
 *(.lfuse)
 *(.hfuse)
 *(.efuse)

.lock
 *(.lock*)

.signature
 *(.signature*)

.stab           0x00000000     0x1518
 *(.stab)
 .stab          0x00000000      0x1f8 ./main/main.o
 .stab          0x000001f8      0x288 ./MCAL/TIMER/TIMER_Program.o
                                0x294 (size before relaxing)
 .stab          0x00000480      0x2a0 ./MCAL/INTERRUPT/INT0_Program.o
                                0x2ac (size before relaxing)
 .stab          0x00000720      0x45c ./MCAL/DIO/DIO_Program.o
                                0x468 (size before relaxing)
 .stab          0x00000b7c      0x1e0 ./HAL/LED/LED.o
                                0x1ec (size before relaxing)
 .stab          0x00000d5c      0x204 ./HAL/BUTTON/BUTTON.o
                                0x210 (size before relaxing)
 .stab          0x00000f60      0x5b8 ./APP/App.o
                                0x5c4 (size before relaxing)

.stabstr        0x00000000      0x70f
 *(.stabstr)
 .stabstr       0x00000000      0x70f ./main/main.o

.stab.excl
 *(.stab.excl)

.stab.exclstr
 *(.stab.exclstr)

.stab.index
 *(.stab.index)

.stab.indexstr
 *(.stab.indexstr)

.comment
 *(.comment)

.debug
 *(.debug)

.line
 *(.line)

.debug_srcinfo
 *(.debug_srcinfo)

.debug_sfnames
 *(.debug_sfnames)

.debug_aranges
 *(.debug_aranges)

.debug_pubnames
 *(.debug_pubnames)

.debug_info
 *(.debug_info)
 *(.gnu.linkonce.wi.*)

.debug_abbrev
 *(.debug_abbrev)

.debug_line
 *(.debug_line)

.debug_frame
 *(.debug_frame)

.debug_str
 *(.debug_str)

.debug_loc
 *(.debug_loc)

.debug_macinfo
 *(.debug_macinfo)
OUTPUT(On_Demand_Traffic_light_Control.elf elf32-avr)
LOAD linker stubs
