Component: ARM Compiler 6.14.1 Tool: armlink [5db06d00]

==============================================================================

Section Cross References

    dio_program.o(.text.DIO_READChannel) refers to dio_program.o(.bss.reg) for reg
    dio_program.o(.ARM.exidx.text.DIO_READChannel) refers to dio_program.o(.text.DIO_READChannel) for [Anonymous Symbol]
    dio_program.o(.text.DIO_WriteChannel) refers to dio_program.o(.bss.reg) for reg
    dio_program.o(.ARM.exidx.text.DIO_WriteChannel) refers to dio_program.o(.text.DIO_WriteChannel) for [Anonymous Symbol]
    dio_program.o(.ARM.exidx.text.DIO_ReadPort) refers to dio_program.o(.text.DIO_ReadPort) for [Anonymous Symbol]
    dio_program.o(.ARM.exidx.text.Dio_WritePort) refers to dio_program.o(.text.Dio_WritePort) for [Anonymous Symbol]
    dio_program.o(.ARM.exidx.text.DIO_DirectionPort) refers to dio_program.o(.text.DIO_DirectionPort) for [Anonymous Symbol]
    dio_program.o(.ARM.exidx.text.DIO_DirectionChannel) refers to dio_program.o(.text.DIO_DirectionChannel) for [Anonymous Symbol]
    dio_program.o(.ARM.exidx.text.DIO_PULLUP_PIN) refers to dio_program.o(.text.DIO_PULLUP_PIN) for [Anonymous Symbol]
    dio_program.o(.ARM.exidx.text.DIO_ENInterrupt) refers to dio_program.o(.text.DIO_ENInterrupt) for [Anonymous Symbol]
    dio_program.o(.text.CallBackFn) refers to dio_program.o(.bss.ptrToFn) for ptrToFn
    dio_program.o(.ARM.exidx.text.CallBackFn) refers to dio_program.o(.text.CallBackFn) for [Anonymous Symbol]
    dio_program.o(.text.GPIOF_Handler) refers to dio_program.o(.bss.ptrToFn) for ptrToFn
    dio_program.o(.ARM.exidx.text.GPIOF_Handler) refers to dio_program.o(.text.GPIOF_Handler) for [Anonymous Symbol]
    mcu_program.o(.ARM.exidx.text.MCU_Init) refers to mcu_program.o(.text.MCU_Init) for [Anonymous Symbol]
    mcu_program.o(.ARM.exidx.text.Mcu_GetPllStatus) refers to mcu_program.o(.text.Mcu_GetPllStatus) for [Anonymous Symbol]
    mcu_program.o(.ARM.exidx.text.Mcu_InitClock) refers to mcu_program.o(.text.Mcu_InitClock) for [Anonymous Symbol]
    mcu_program.o(.ARM.exidx.text.Mcu_GetResetRawValue) refers to mcu_program.o(.text.Mcu_GetResetRawValue) for [Anonymous Symbol]
    mcu_program.o(.ARM.exidx.text.Mcu_PerformReset) refers to mcu_program.o(.text.Mcu_PerformReset) for [Anonymous Symbol]
    mcu_program.o(.text.MCU_CLOCK_PERIPHERALS) refers to mcu_program.o(.rodata.MCU_Clocked_Peripherals) for MCU_Clocked_Peripherals
    mcu_program.o(.ARM.exidx.text.MCU_CLOCK_PERIPHERALS) refers to mcu_program.o(.text.MCU_CLOCK_PERIPHERALS) for [Anonymous Symbol]
    intctrl_lcfg.o(.ARM.exidx.text.IntCtrl_BasePriority) refers to intctrl_lcfg.o(.text.IntCtrl_BasePriority) for [Anonymous Symbol]
    intctrl_program.o(.text.IntCtrl_Init) refers to intctrl_lcfg.o(.text.IntCtrl_BasePriority) for IntCtrl_BasePriority
    intctrl_program.o(.text.IntCtrl_Init) refers to intctrl_lcfg.o(.rodata.Enabled_Interrupts_0_31) for Enabled_Interrupts_0_31
    intctrl_program.o(.text.IntCtrl_Init) refers to intctrl_program.o(.bss.BIT_EN) for BIT_EN
    intctrl_program.o(.text.IntCtrl_Init) refers to intctrl_program.o(.bss.Reg_offset) for Reg_offset
    intctrl_program.o(.text.IntCtrl_Init) refers to intctrl_program.o(.bss.Bit_offset) for Bit_offset
    intctrl_program.o(.text.IntCtrl_Init) refers to intctrl_program.o(.bss.REG_EN) for REG_EN
    intctrl_program.o(.text.IntCtrl_Init) refers to intctrl_program.o(.bss.NVIC_PRI) for NVIC_PRI
    intctrl_program.o(.ARM.exidx.text.IntCtrl_Init) refers to intctrl_program.o(.text.IntCtrl_Init) for [Anonymous Symbol]
    gptm_program.o(.ARM.exidx.text.GPTM_Init) refers to gptm_program.o(.text.GPTM_Init) for [Anonymous Symbol]
    gptm_program.o(.ARM.exidx.text.GPTM_delay_sec) refers to gptm_program.o(.text.GPTM_delay_sec) for [Anonymous Symbol]
    gptm_program.o(.ARM.exidx.text.GPTM_delay_millisec) refers to gptm_program.o(.text.GPTM_delay_millisec) for [Anonymous Symbol]
    gptm_program.o(.text.GPTM_CallBackFn) refers to gptm_program.o(.bss.PtrToFn) for PtrToFn
    gptm_program.o(.ARM.exidx.text.GPTM_CallBackFn) refers to gptm_program.o(.text.GPTM_CallBackFn) for [Anonymous Symbol]
    gptm_program.o(.text.TIMER0A_Handler) refers to gptm_program.o(.bss.PtrToFn) for PtrToFn
    gptm_program.o(.ARM.exidx.text.TIMER0A_Handler) refers to gptm_program.o(.text.TIMER0A_Handler) for [Anonymous Symbol]
    main.o(.text.main) refers to main.o(.bss.on) for on
    main.o(.text.main) refers to main.o(.bss.off) for off
    main.o(.ARM.exidx.text.main) refers to main.o(.text.main) for [Anonymous Symbol]
    startup_tm4c123.o(STACK) refers (Special) to heapauxi.o(.text) for __use_two_region_memory
    startup_tm4c123.o(HEAP) refers (Special) to heapauxi.o(.text) for __use_two_region_memory
    startup_tm4c123.o(RESET) refers (Special) to heapauxi.o(.text) for __use_two_region_memory
    startup_tm4c123.o(RESET) refers to startup_tm4c123.o(STACK) for __initial_sp
    startup_tm4c123.o(RESET) refers to startup_tm4c123.o(.text) for Reset_Handler
    startup_tm4c123.o(RESET) refers to gptm_program.o(.text.TIMER0A_Handler) for TIMER0A_Handler
    startup_tm4c123.o(RESET) refers to dio_program.o(.text.GPIOF_Handler) for GPIOF_Handler
    startup_tm4c123.o(.text) refers (Special) to heapauxi.o(.text) for __use_two_region_memory
    startup_tm4c123.o(.text) refers to mcu_program.o(.text.Mcu_InitClock) for Mcu_InitClock
    startup_tm4c123.o(.text) refers to mcu_program.o(.text.MCU_CLOCK_PERIPHERALS) for MCU_CLOCK_PERIPHERALS
    startup_tm4c123.o(.text) refers to main.o(.text.main) for main
    startup_tm4c123.o(.text) refers to startup_tm4c123.o(HEAP) for Heap_Mem
    startup_tm4c123.o(.text) refers to startup_tm4c123.o(STACK) for Stack_Mem
    __main.o(!!!main) refers to __rtentry.o(.ARM.Collect$$rtentry$$00000000) for __rt_entry
    __rtentry.o(.ARM.Collect$$rtentry$$00000000) refers (Special) to __rtentry2.o(.ARM.Collect$$rtentry$$0000000A) for __rt_entry_li
    __rtentry.o(.ARM.Collect$$rtentry$$00000000) refers (Special) to __rtentry2.o(.ARM.Collect$$rtentry$$0000000D) for __rt_entry_main
    __rtentry.o(.ARM.Collect$$rtentry$$00000000) refers (Special) to __rtentry2.o(.ARM.Collect$$rtentry$$0000000C) for __rt_entry_postli_1
    __rtentry.o(.ARM.Collect$$rtentry$$00000000) refers (Special) to __rtentry2.o(.ARM.Collect$$rtentry$$00000009) for __rt_entry_postsh_1
    __rtentry.o(.ARM.Collect$$rtentry$$00000000) refers (Special) to __rtentry2.o(.ARM.Collect$$rtentry$$00000002) for __rt_entry_presh_1
    __rtentry.o(.ARM.Collect$$rtentry$$00000000) refers (Special) to __rtentry4.o(.ARM.Collect$$rtentry$$00000004) for __rt_entry_sh
    __rtentry2.o(.ARM.Collect$$rtentry$$00000008) refers to boardinit2.o(.text) for _platform_post_stackheap_init
    __rtentry2.o(.ARM.Collect$$rtentry$$0000000A) refers to libinit.o(.ARM.Collect$$libinit$$00000000) for __rt_lib_init
    __rtentry2.o(.ARM.Collect$$rtentry$$0000000B) refers to boardinit3.o(.text) for _platform_post_lib_init
    __rtentry2.o(.ARM.Collect$$rtentry$$0000000D) refers to main.o(.text.main) for main
    __rtentry2.o(.ARM.Collect$$rtentry$$0000000D) refers to exit.o(.text) for exit
    __rtentry2.o(.ARM.exidx) refers to __rtentry2.o(.ARM.Collect$$rtentry$$00000001) for .ARM.Collect$$rtentry$$00000001
    __rtentry2.o(.ARM.exidx) refers to __rtentry2.o(.ARM.Collect$$rtentry$$00000008) for .ARM.Collect$$rtentry$$00000008
    __rtentry2.o(.ARM.exidx) refers to __rtentry2.o(.ARM.Collect$$rtentry$$0000000A) for .ARM.Collect$$rtentry$$0000000A
    __rtentry2.o(.ARM.exidx) refers to __rtentry2.o(.ARM.Collect$$rtentry$$0000000B) for .ARM.Collect$$rtentry$$0000000B
    __rtentry2.o(.ARM.exidx) refers to __rtentry2.o(.ARM.Collect$$rtentry$$0000000D) for .ARM.Collect$$rtentry$$0000000D
    __rtentry4.o(.ARM.Collect$$rtentry$$00000004) refers to sys_stackheap_outer.o(.text) for __user_setup_stackheap
    __rtentry4.o(.ARM.exidx) refers to __rtentry4.o(.ARM.Collect$$rtentry$$00000004) for .ARM.Collect$$rtentry$$00000004
    sys_stackheap_outer.o(.text) refers to libspace.o(.text) for __user_perproc_libspace
    sys_stackheap_outer.o(.text) refers to startup_tm4c123.o(.text) for __user_initial_stackheap
    exit.o(.text) refers to rtexit.o(.ARM.Collect$$rtexit$$00000000) for __rt_exit
    libinit.o(.ARM.Collect$$libinit$$00000000) refers (Special) to libinit2.o(.ARM.Collect$$libinit$$0000002E) for __rt_lib_init_alloca_1
    libinit.o(.ARM.Collect$$libinit$$00000000) refers (Special) to libinit2.o(.ARM.Collect$$libinit$$0000002C) for __rt_lib_init_argv_1
    libinit.o(.ARM.Collect$$libinit$$00000000) refers (Special) to libinit2.o(.ARM.Collect$$libinit$$0000001B) for __rt_lib_init_atexit_1
    libinit.o(.ARM.Collect$$libinit$$00000000) refers (Special) to libinit2.o(.ARM.Collect$$libinit$$00000021) for __rt_lib_init_clock_1
    libinit.o(.ARM.Collect$$libinit$$00000000) refers (Special) to libinit2.o(.ARM.Collect$$libinit$$00000032) for __rt_lib_init_cpp_1
    libinit.o(.ARM.Collect$$libinit$$00000000) refers (Special) to libinit2.o(.ARM.Collect$$libinit$$00000030) for __rt_lib_init_exceptions_1
    libinit.o(.ARM.Collect$$libinit$$00000000) refers (Special) to libinit2.o(.ARM.Collect$$libinit$$00000001) for __rt_lib_init_fp_1
    libinit.o(.ARM.Collect$$libinit$$00000000) refers (Special) to libinit2.o(.ARM.Collect$$libinit$$0000001F) for __rt_lib_init_fp_trap_1
    libinit.o(.ARM.Collect$$libinit$$00000000) refers (Special) to libinit2.o(.ARM.Collect$$libinit$$00000023) for __rt_lib_init_getenv_1
    libinit.o(.ARM.Collect$$libinit$$00000000) refers (Special) to libinit2.o(.ARM.Collect$$libinit$$0000000A) for __rt_lib_init_heap_1
    libinit.o(.ARM.Collect$$libinit$$00000000) refers (Special) to libinit2.o(.ARM.Collect$$libinit$$00000011) for __rt_lib_init_lc_collate_1
    libinit.o(.ARM.Collect$$libinit$$00000000) refers (Special) to libinit2.o(.ARM.Collect$$libinit$$00000013) for __rt_lib_init_lc_ctype_1
    libinit.o(.ARM.Collect$$libinit$$00000000) refers (Special) to libinit2.o(.ARM.Collect$$libinit$$00000015) for __rt_lib_init_lc_monetary_1
    libinit.o(.ARM.Collect$$libinit$$00000000) refers (Special) to libinit2.o(.ARM.Collect$$libinit$$00000017) for __rt_lib_init_lc_numeric_1
    libinit.o(.ARM.Collect$$libinit$$00000000) refers (Special) to libinit2.o(.ARM.Collect$$libinit$$00000019) for __rt_lib_init_lc_time_1
    libinit.o(.ARM.Collect$$libinit$$00000000) refers (Special) to libinit2.o(.ARM.Collect$$libinit$$00000004) for __rt_lib_init_preinit_1
    libinit.o(.ARM.Collect$$libinit$$00000000) refers (Special) to libinit2.o(.ARM.Collect$$libinit$$0000000E) for __rt_lib_init_rand_1
    libinit.o(.ARM.Collect$$libinit$$00000000) refers (Special) to libinit2.o(.ARM.Collect$$libinit$$00000033) for __rt_lib_init_return
    libinit.o(.ARM.Collect$$libinit$$00000000) refers (Special) to libinit2.o(.ARM.Collect$$libinit$$0000001D) for __rt_lib_init_signal_1
    libinit.o(.ARM.Collect$$libinit$$00000000) refers (Special) to libinit2.o(.ARM.Collect$$libinit$$00000025) for __rt_lib_init_stdio_1
    libinit.o(.ARM.Collect$$libinit$$00000000) refers (Special) to libinit2.o(.ARM.Collect$$libinit$$0000000C) for __rt_lib_init_user_alloc_1
    libspace.o(.text) refers to libspace.o(.bss) for __libspace_start
    rtexit.o(.ARM.Collect$$rtexit$$00000000) refers (Special) to rtexit2.o(.ARM.Collect$$rtexit$$00000004) for __rt_exit_exit
    rtexit.o(.ARM.Collect$$rtexit$$00000000) refers (Special) to rtexit2.o(.ARM.Collect$$rtexit$$00000003) for __rt_exit_ls
    rtexit.o(.ARM.Collect$$rtexit$$00000000) refers (Special) to rtexit2.o(.ARM.Collect$$rtexit$$00000002) for __rt_exit_prels_1
    rtexit.o(.ARM.exidx) refers (Special) to rtexit2.o(.ARM.Collect$$rtexit$$00000004) for __rt_exit_exit
    rtexit.o(.ARM.exidx) refers (Special) to rtexit2.o(.ARM.Collect$$rtexit$$00000003) for __rt_exit_ls
    rtexit.o(.ARM.exidx) refers (Special) to rtexit2.o(.ARM.Collect$$rtexit$$00000002) for __rt_exit_prels_1
    rtexit.o(.ARM.exidx) refers to rtexit.o(.ARM.Collect$$rtexit$$00000000) for .ARM.Collect$$rtexit$$00000000
    libinit2.o(.ARM.Collect$$libinit$$00000001) refers to fpinit.o(x$fpl$fpinit) for _fp_init
    libinit2.o(.ARM.Collect$$libinit$$00000010) refers to libinit2.o(.ARM.Collect$$libinit$$0000000F) for .ARM.Collect$$libinit$$0000000F
    libinit2.o(.ARM.Collect$$libinit$$00000012) refers to libinit2.o(.ARM.Collect$$libinit$$0000000F) for .ARM.Collect$$libinit$$0000000F
    libinit2.o(.ARM.Collect$$libinit$$00000014) refers to libinit2.o(.ARM.Collect$$libinit$$0000000F) for .ARM.Collect$$libinit$$0000000F
    libinit2.o(.ARM.Collect$$libinit$$00000016) refers to libinit2.o(.ARM.Collect$$libinit$$0000000F) for .ARM.Collect$$libinit$$0000000F
    libinit2.o(.ARM.Collect$$libinit$$00000018) refers to libinit2.o(.ARM.Collect$$libinit$$0000000F) for .ARM.Collect$$libinit$$0000000F
    libinit2.o(.ARM.Collect$$libinit$$00000026) refers to argv_veneer.o(.emb_text) for __ARM_argv_veneer
    libinit2.o(.ARM.Collect$$libinit$$00000027) refers to argv_veneer.o(.emb_text) for __ARM_argv_veneer
    rtexit2.o(.ARM.Collect$$rtexit$$00000003) refers to libshutdown.o(.ARM.Collect$$libshutdown$$00000000) for __rt_lib_shutdown
    rtexit2.o(.ARM.Collect$$rtexit$$00000004) refers to sys_exit.o(.text) for _sys_exit
    rtexit2.o(.ARM.exidx) refers to rtexit2.o(.ARM.Collect$$rtexit$$00000001) for .ARM.Collect$$rtexit$$00000001
    rtexit2.o(.ARM.exidx) refers to rtexit2.o(.ARM.Collect$$rtexit$$00000003) for .ARM.Collect$$rtexit$$00000003
    rtexit2.o(.ARM.exidx) refers to rtexit2.o(.ARM.Collect$$rtexit$$00000004) for .ARM.Collect$$rtexit$$00000004
    argv_veneer.o(.emb_text) refers to no_argv.o(.text) for __ARM_get_argv
    sys_exit.o(.text) refers (Special) to use_no_semi.o(.text) for __I$use$semihosting
    sys_exit.o(.text) refers (Special) to indicate_semi.o(.text) for __semihosting_library_function
    sys_exit_hlt.o(.text) refers (Special) to use_no_semi.o(.text) for __I$use$semihosting
    sys_exit_hlt.o(.text) refers (Special) to indicate_semi.o(.text) for __semihosting_library_function
    _get_argv_nomalloc.o(.text) refers (Special) to hrguard.o(.text) for __heap_region$guard
    _get_argv_nomalloc.o(.text) refers to defsig_rtmem_outer.o(.text) for __rt_SIGRTMEM
    _get_argv_nomalloc.o(.text) refers to sys_command.o(.text) for _sys_command_string
    libshutdown.o(.ARM.Collect$$libshutdown$$00000000) refers (Special) to libshutdown2.o(.ARM.Collect$$libshutdown$$00000002) for __rt_lib_shutdown_cpp_1
    libshutdown.o(.ARM.Collect$$libshutdown$$00000000) refers (Special) to libshutdown2.o(.ARM.Collect$$libshutdown$$00000007) for __rt_lib_shutdown_fp_trap_1
    libshutdown.o(.ARM.Collect$$libshutdown$$00000000) refers (Special) to libshutdown2.o(.ARM.Collect$$libshutdown$$0000000F) for __rt_lib_shutdown_heap_1
    libshutdown.o(.ARM.Collect$$libshutdown$$00000000) refers (Special) to libshutdown2.o(.ARM.Collect$$libshutdown$$00000010) for __rt_lib_shutdown_return
    libshutdown.o(.ARM.Collect$$libshutdown$$00000000) refers (Special) to libshutdown2.o(.ARM.Collect$$libshutdown$$0000000A) for __rt_lib_shutdown_signal_1
    libshutdown.o(.ARM.Collect$$libshutdown$$00000000) refers (Special) to libshutdown2.o(.ARM.Collect$$libshutdown$$00000004) for __rt_lib_shutdown_stdio_1
    libshutdown.o(.ARM.Collect$$libshutdown$$00000000) refers (Special) to libshutdown2.o(.ARM.Collect$$libshutdown$$0000000C) for __rt_lib_shutdown_user_alloc_1
    sys_command.o(.text) refers (Special) to use_no_semi.o(.text) for __I$use$semihosting
    sys_command.o(.text) refers (Special) to indicate_semi.o(.text) for __semihosting_library_function
    sys_command_hlt.o(.text) refers (Special) to use_no_semi.o(.text) for __I$use$semihosting
    sys_command_hlt.o(.text) refers (Special) to indicate_semi.o(.text) for __semihosting_library_function
    defsig_rtmem_outer.o(.text) refers to defsig_rtmem_inner.o(.text) for __rt_SIGRTMEM_inner
    defsig_rtmem_outer.o(.text) refers to defsig_exit.o(.text) for __sig_exit
    defsig_rtmem_formal.o(.text) refers to rt_raise.o(.text) for __rt_raise
    rt_raise.o(.text) refers to __raise.o(.text) for __raise
    rt_raise.o(.text) refers to sys_exit.o(.text) for _sys_exit
    defsig_exit.o(.text) refers to sys_exit.o(.text) for _sys_exit
    defsig_rtmem_inner.o(.text) refers to defsig_general.o(.text) for __default_signal_display
    __raise.o(.text) refers to defsig.o(CL$$defsig) for __default_signal_handler
    defsig_general.o(.text) refers to sys_wrch.o(.text) for _ttywrch
    sys_wrch.o(.text) refers (Special) to use_no_semi.o(.text) for __I$use$semihosting
    sys_wrch.o(.text) refers (Special) to indicate_semi.o(.text) for __semihosting_library_function
    sys_wrch_hlt.o(.text) refers (Special) to use_no_semi.o(.text) for __I$use$semihosting
    sys_wrch_hlt.o(.text) refers (Special) to indicate_semi.o(.text) for __semihosting_library_function
    defsig.o(CL$$defsig) refers to defsig_rtmem_inner.o(.text) for __rt_SIGRTMEM_inner
    defsig_abrt_inner.o(.text) refers to defsig_general.o(.text) for __default_signal_display
    defsig_fpe_inner.o(.text) refers to defsig_general.o(.text) for __default_signal_display
    defsig_rtred_inner.o(.text) refers to defsig_general.o(.text) for __default_signal_display
    defsig_stak_inner.o(.text) refers to defsig_general.o(.text) for __default_signal_display
    defsig_pvfn_inner.o(.text) refers to defsig_general.o(.text) for __default_signal_display
    defsig_cppl_inner.o(.text) refers to defsig_general.o(.text) for __default_signal_display
    defsig_segv_inner.o(.text) refers to defsig_general.o(.text) for __default_signal_display
    defsig_other.o(.text) refers to defsig_general.o(.text) for __default_signal_display


==============================================================================

Removing Unused input sections from the image.

    Removing dio_program.o(.text), (0 bytes).
    Removing dio_program.o(.text.DIO_READChannel), (158 bytes).
    Removing dio_program.o(.ARM.exidx.text.DIO_READChannel), (8 bytes).
    Removing dio_program.o(.text.DIO_WriteChannel), (410 bytes).
    Removing dio_program.o(.ARM.exidx.text.DIO_WriteChannel), (8 bytes).
    Removing dio_program.o(.text.DIO_ReadPort), (60 bytes).
    Removing dio_program.o(.ARM.exidx.text.DIO_ReadPort), (8 bytes).
    Removing dio_program.o(.text.Dio_WritePort), (110 bytes).
    Removing dio_program.o(.ARM.exidx.text.Dio_WritePort), (8 bytes).
    Removing dio_program.o(.text.DIO_DirectionPort), (64 bytes).
    Removing dio_program.o(.ARM.exidx.text.DIO_DirectionPort), (8 bytes).
    Removing dio_program.o(.text.DIO_DirectionChannel), (258 bytes).
    Removing dio_program.o(.ARM.exidx.text.DIO_DirectionChannel), (8 bytes).
    Removing dio_program.o(.text.DIO_PULLUP_PIN), (276 bytes).
    Removing dio_program.o(.ARM.exidx.text.DIO_PULLUP_PIN), (8 bytes).
    Removing dio_program.o(.text.DIO_ENInterrupt), (216 bytes).
    Removing dio_program.o(.ARM.exidx.text.DIO_ENInterrupt), (8 bytes).
    Removing dio_program.o(.text.CallBackFn), (12 bytes).
    Removing dio_program.o(.ARM.exidx.text.CallBackFn), (8 bytes).
    Removing dio_program.o(.ARM.exidx.text.GPIOF_Handler), (8 bytes).
    Removing dio_program.o(.bss.reg), (4 bytes).
    Removing mcu_program.o(.text), (0 bytes).
    Removing mcu_program.o(.text.MCU_Init), (2 bytes).
    Removing mcu_program.o(.ARM.exidx.text.MCU_Init), (8 bytes).
    Removing mcu_program.o(.text.Mcu_GetPllStatus), (18 bytes).
    Removing mcu_program.o(.ARM.exidx.text.Mcu_GetPllStatus), (8 bytes).
    Removing mcu_program.o(.ARM.exidx.text.Mcu_InitClock), (8 bytes).
    Removing mcu_program.o(.text.Mcu_GetResetRawValue), (80 bytes).
    Removing mcu_program.o(.ARM.exidx.text.Mcu_GetResetRawValue), (8 bytes).
    Removing mcu_program.o(.text.Mcu_PerformReset), (36 bytes).
    Removing mcu_program.o(.ARM.exidx.text.Mcu_PerformReset), (8 bytes).
    Removing mcu_program.o(.ARM.exidx.text.MCU_CLOCK_PERIPHERALS), (8 bytes).
    Removing mcu_program.o(.rodata.System_clocks), (6 bytes).
    Removing intctrl_lcfg.o(.text), (0 bytes).
    Removing intctrl_lcfg.o(.text.IntCtrl_BasePriority), (10 bytes).
    Removing intctrl_lcfg.o(.ARM.exidx.text.IntCtrl_BasePriority), (8 bytes).
    Removing intctrl_lcfg.o(.rodata.Enabled_Interrupts_0_31), (12 bytes).
    Removing intctrl_program.o(.text), (0 bytes).
    Removing intctrl_program.o(.text.IntCtrl_Init), (192 bytes).
    Removing intctrl_program.o(.ARM.exidx.text.IntCtrl_Init), (8 bytes).
    Removing intctrl_program.o(.bss.REG_EN), (4 bytes).
    Removing intctrl_program.o(.bss.BIT_EN), (4 bytes).
    Removing intctrl_program.o(.bss.Reg_offset), (4 bytes).
    Removing intctrl_program.o(.bss.Bit_offset), (4 bytes).
    Removing intctrl_program.o(.bss.NVIC_PRI), (4 bytes).
    Removing gptm_program.o(.text), (0 bytes).
    Removing gptm_program.o(.text.GPTM_Init), (72 bytes).
    Removing gptm_program.o(.ARM.exidx.text.GPTM_Init), (8 bytes).
    Removing gptm_program.o(.text.GPTM_delay_sec), (110 bytes).
    Removing gptm_program.o(.ARM.exidx.text.GPTM_delay_sec), (8 bytes).
    Removing gptm_program.o(.text.GPTM_delay_millisec), (106 bytes).
    Removing gptm_program.o(.ARM.exidx.text.GPTM_delay_millisec), (8 bytes).
    Removing gptm_program.o(.text.GPTM_CallBackFn), (12 bytes).
    Removing gptm_program.o(.ARM.exidx.text.GPTM_CallBackFn), (8 bytes).
    Removing gptm_program.o(.ARM.exidx.text.TIMER0A_Handler), (8 bytes).
    Removing main.o(.text), (0 bytes).
    Removing main.o(.ARM.exidx.text.main), (8 bytes).
    Removing main.o(.ARM.use_no_argv), (4 bytes).
    Removing system_tm4c123.o(.text), (0 bytes).

59 unused section(s) (total 2440 bytes) removed from the image.
