Component: ARM Compiler 6.14.1 Tool: armlink [5db06d00]

==============================================================================

Section Cross References

    dio_program.o(.text.DIO_READChannel) refers to dio_program.o(.bss.reg) for reg
    dio_program.o(.ARM.exidx.text.DIO_READChannel) refers to dio_program.o(.text.DIO_READChannel) for [Anonymous Symbol]
    dio_program.o(.text.DIO_WriteChannel) refers to dio_program.o(.bss.reg) for reg
    dio_program.o(.ARM.exidx.text.DIO_WriteChannel) refers to dio_program.o(.text.DIO_WriteChannel) for [Anonymous Symbol]
    dio_program.o(.ARM.exidx.text.DIO_ReadPort) refers to dio_program.o(.text.DIO_ReadPort) for [Anonymous Symbol]
    dio_program.o(.ARM.exidx.text.Dio_WritePort) refers to dio_program.o(.text.Dio_WritePort) for [Anonymous Symbol]
    dio_program.o(.ARM.exidx.text.DIO_DirectionPort) refers to dio_program.o(.text.DIO_DirectionPort) for [Anonymous Symbol]
    dio_program.o(.ARM.exidx.text.DIO_DirectionChannel) refers to dio_program.o(.text.DIO_DirectionChannel) for [Anonymous Symbol]
    dio_program.o(.ARM.exidx.text.DIO_PULLUP_PIN) refers to dio_program.o(.text.DIO_PULLUP_PIN) for [Anonymous Symbol]
    dio_program.o(.ARM.exidx.text.DIO_ENInterrupt) refers to dio_program.o(.text.DIO_ENInterrupt) for [Anonymous Symbol]
    dio_program.o(.text.CallBackFn) refers to dio_program.o(.bss.ptrToFn) for ptrToFn
    dio_program.o(.ARM.exidx.text.CallBackFn) refers to dio_program.o(.text.CallBackFn) for [Anonymous Symbol]
    dio_program.o(.text.GPIOF_Handler) refers to dio_program.o(.bss.ptrToFn) for ptrToFn
    dio_program.o(.ARM.exidx.text.GPIOF_Handler) refers to dio_program.o(.text.GPIOF_Handler) for [Anonymous Symbol]
    mcu_program.o(.ARM.exidx.text.MCU_Init) refers to mcu_program.o(.text.MCU_Init) for [Anonymous Symbol]
    mcu_program.o(.ARM.exidx.text.Mcu_GetPllStatus) refers to mcu_program.o(.text.Mcu_GetPllStatus) for [Anonymous Symbol]
    mcu_program.o(.ARM.exidx.text.Mcu_InitClock) refers to mcu_program.o(.text.Mcu_InitClock) for [Anonymous Symbol]
    mcu_program.o(.ARM.exidx.text.Mcu_GetResetRawValue) refers to mcu_program.o(.text.Mcu_GetResetRawValue) for [Anonymous Symbol]
    mcu_program.o(.ARM.exidx.text.Mcu_PerformReset) refers to mcu_program.o(.text.Mcu_PerformReset) for [Anonymous Symbol]
    mcu_program.o(.text.MCU_CLOCK_PERIPHERALS) refers to mcu_program.o(.rodata.MCU_Clocked_Peripherals) for MCU_Clocked_Peripherals
    mcu_program.o(.ARM.exidx.text.MCU_CLOCK_PERIPHERALS) refers to mcu_program.o(.text.MCU_CLOCK_PERIPHERALS) for [Anonymous Symbol]
    intctrl_lcfg.o(.ARM.exidx.text.IntCtrl_BasePriority) refers to intctrl_lcfg.o(.text.IntCtrl_BasePriority) for [Anonymous Symbol]
    intctrl_program.o(.text.IntCtrl_Init) refers to intctrl_lcfg.o(.text.IntCtrl_BasePriority) for IntCtrl_BasePriority
    intctrl_program.o(.text.IntCtrl_Init) refers to intctrl_lcfg.o(.rodata.Enabled_Interrupts_0_31) for Enabled_Interrupts_0_31
    intctrl_program.o(.text.IntCtrl_Init) refers to intctrl_program.o(.bss.BIT_EN) for BIT_EN
    intctrl_program.o(.text.IntCtrl_Init) refers to intctrl_program.o(.bss.Reg_offset) for Reg_offset
    intctrl_program.o(.text.IntCtrl_Init) refers to intctrl_program.o(.bss.Bit_offset) for Bit_offset
    intctrl_program.o(.text.IntCtrl_Init) refers to intctrl_program.o(.bss.REG_EN) for REG_EN
    intctrl_program.o(.text.IntCtrl_Init) refers to intctrl_program.o(.bss.NVIC_PRI) for NVIC_PRI
    intctrl_program.o(.ARM.exidx.text.IntCtrl_Init) refers to intctrl_program.o(.text.IntCtrl_Init) for [Anonymous Symbol]
    gptm_program.o(.ARM.exidx.text.GPTM_Init) refers to gptm_program.o(.text.GPTM_Init) for [Anonymous Symbol]
    gptm_program.o(.ARM.exidx.text.GPTM_delay_sec) refers to gptm_program.o(.text.GPTM_delay_sec) for [Anonymous Symbol]
    gptm_program.o(.ARM.exidx.text.GPTM_delay_millisec) refers to gptm_program.o(.text.GPTM_delay_millisec) for [Anonymous Symbol]
    gptm_program.o(.text.TIMER0A_Handler) refers to dio_program.o(.text.DIO_DirectionChannel) for DIO_DirectionChannel
    gptm_program.o(.text.TIMER0A_Handler) refers to dio_program.o(.text.DIO_WriteChannel) for DIO_WriteChannel
    gptm_program.o(.ARM.exidx.text.TIMER0A_Handler) refers to gptm_program.o(.text.TIMER0A_Handler) for [Anonymous Symbol]
    app.o(.text.APP_Init) refers to app.o(.text.APP_ISR) for APP_ISR
    app.o(.text.APP_Init) refers to dio_program.o(.text.CallBackFn) for CallBackFn
    app.o(.text.APP_Init) refers to dio_program.o(.text.DIO_DirectionChannel) for DIO_DirectionChannel
    app.o(.text.APP_Init) refers to dio_program.o(.text.DIO_PULLUP_PIN) for DIO_PULLUP_PIN
    app.o(.text.APP_Init) refers to intctrl_program.o(.text.IntCtrl_Init) for IntCtrl_Init
    app.o(.text.APP_Init) refers to dio_program.o(.text.DIO_ENInterrupt) for DIO_ENInterrupt
    app.o(.ARM.exidx.text.APP_Init) refers to app.o(.text.APP_Init) for [Anonymous Symbol]
    app.o(.text.APP_ISR) refers to main.o(.bss.on) for on
    app.o(.text.APP_ISR) refers to main.o(.bss.off) for off
    app.o(.text.APP_ISR) refers to gptm_program.o(.text.GPTM_delay_sec) for GPTM_delay_sec
    app.o(.text.APP_ISR) refers to dio_program.o(.text.DIO_READChannel) for DIO_READChannel
    app.o(.text.APP_ISR) refers to gptm_program.o(.text.GPTM_delay_millisec) for GPTM_delay_millisec
    app.o(.ARM.exidx.text.APP_ISR) refers to app.o(.text.APP_ISR) for [Anonymous Symbol]
    app.o(.text.APP_Start) refers to dio_program.o(.text.DIO_WriteChannel) for DIO_WriteChannel
    app.o(.text.APP_Start) refers to gptm_program.o(.text.GPTM_delay_sec) for GPTM_delay_sec
    app.o(.ARM.exidx.text.APP_Start) refers to app.o(.text.APP_Start) for [Anonymous Symbol]
    main.o(.text.main) refers to main.o(.bss.on) for on
    main.o(.text.main) refers to main.o(.bss.off) for off
    main.o(.text.main) refers to app.o(.text.APP_Init) for APP_Init
    main.o(.text.main) refers to app.o(.text.APP_Start) for APP_Start
    main.o(.ARM.exidx.text.main) refers to main.o(.text.main) for [Anonymous Symbol]
    startup_tm4c123.o(STACK) refers (Special) to heapauxi.o(.text) for __use_two_region_memory
    startup_tm4c123.o(HEAP) refers (Special) to heapauxi.o(.text) for __use_two_region_memory
    startup_tm4c123.o(RESET) refers (Special) to heapauxi.o(.text) for __use_two_region_memory
    startup_tm4c123.o(RESET) refers to startup_tm4c123.o(STACK) for __initial_sp
    startup_tm4c123.o(RESET) refers to startup_tm4c123.o(.text) for Reset_Handler
    startup_tm4c123.o(RESET) refers to gptm_program.o(.text.TIMER0A_Handler) for TIMER0A_Handler
    startup_tm4c123.o(RESET) refers to dio_program.o(.text.GPIOF_Handler) for GPIOF_Handler
    startup_tm4c123.o(.text) refers (Special) to heapauxi.o(.text) for __use_two_region_memory
    startup_tm4c123.o(.text) refers to mcu_program.o(.text.Mcu_InitClock) for Mcu_InitClock
    startup_tm4c123.o(.text) refers to mcu_program.o(.text.MCU_CLOCK_PERIPHERALS) for MCU_CLOCK_PERIPHERALS
    startup_tm4c123.o(.text) refers to main.o(.text.main) for main
    startup_tm4c123.o(.text) refers to startup_tm4c123.o(HEAP) for Heap_Mem
    startup_tm4c123.o(.text) refers to startup_tm4c123.o(STACK) for Stack_Mem
    __main.o(!!!main) refers to __rtentry.o(.ARM.Collect$$rtentry$$00000000) for __rt_entry
    __rtentry.o(.ARM.Collect$$rtentry$$00000000) refers (Special) to __rtentry2.o(.ARM.Collect$$rtentry$$0000000A) for __rt_entry_li
    __rtentry.o(.ARM.Collect$$rtentry$$00000000) refers (Special) to __rtentry2.o(.ARM.Collect$$rtentry$$0000000D) for __rt_entry_main
    __rtentry.o(.ARM.Collect$$rtentry$$00000000) refers (Special) to __rtentry2.o(.ARM.Collect$$rtentry$$0000000C) for __rt_entry_postli_1
    __rtentry.o(.ARM.Collect$$rtentry$$00000000) refers (Special) to __rtentry2.o(.ARM.Collect$$rtentry$$00000009) for __rt_entry_postsh_1
    __rtentry.o(.ARM.Collect$$rtentry$$00000000) refers (Special) to __rtentry2.o(.ARM.Collect$$rtentry$$00000002) for __rt_entry_presh_1
    __rtentry.o(.ARM.Collect$$rtentry$$00000000) refers (Special) to __rtentry4.o(.ARM.Collect$$rtentry$$00000004) for __rt_entry_sh
    __rtentry2.o(.ARM.Collect$$rtentry$$00000008) refers to boardinit2.o(.text) for _platform_post_stackheap_init
    __rtentry2.o(.ARM.Collect$$rtentry$$0000000A) refers to libinit.o(.ARM.Collect$$libinit$$00000000) for __rt_lib_init
    __rtentry2.o(.ARM.Collect$$rtentry$$0000000B) refers to boardinit3.o(.text) for _platform_post_lib_init
    __rtentry2.o(.ARM.Collect$$rtentry$$0000000D) refers to main.o(.text.main) for main
    __rtentry2.o(.ARM.Collect$$rtentry$$0000000D) refers to exit.o(.text) for exit
    __rtentry2.o(.ARM.exidx) refers to __rtentry2.o(.ARM.Collect$$rtentry$$00000001) for .ARM.Collect$$rtentry$$00000001
    __rtentry2.o(.ARM.exidx) refers to __rtentry2.o(.ARM.Collect$$rtentry$$00000008) for .ARM.Collect$$rtentry$$00000008
    __rtentry2.o(.ARM.exidx) refers to __rtentry2.o(.ARM.Collect$$rtentry$$0000000A) for .ARM.Collect$$rtentry$$0000000A
    __rtentry2.o(.ARM.exidx) refers to __rtentry2.o(.ARM.Collect$$rtentry$$0000000B) for .ARM.Collect$$rtentry$$0000000B
    __rtentry2.o(.ARM.exidx) refers to __rtentry2.o(.ARM.Collect$$rtentry$$0000000D) for .ARM.Collect$$rtentry$$0000000D
    __rtentry4.o(.ARM.Collect$$rtentry$$00000004) refers to sys_stackheap_outer.o(.text) for __user_setup_stackheap
    __rtentry4.o(.ARM.exidx) refers to __rtentry4.o(.ARM.Collect$$rtentry$$00000004) for .ARM.Collect$$rtentry$$00000004
    sys_stackheap_outer.o(.text) refers to libspace.o(.text) for __user_perproc_libspace
    sys_stackheap_outer.o(.text) refers to startup_tm4c123.o(.text) for __user_initial_stackheap
    exit.o(.text) refers to rtexit.o(.ARM.Collect$$rtexit$$00000000) for __rt_exit
    libinit.o(.ARM.Collect$$libinit$$00000000) refers (Special) to libinit2.o(.ARM.Collect$$libinit$$0000002E) for __rt_lib_init_alloca_1
    libinit.o(.ARM.Collect$$libinit$$00000000) refers (Special) to libinit2.o(.ARM.Collect$$libinit$$0000002C) for __rt_lib_init_argv_1
    libinit.o(.ARM.Collect$$libinit$$00000000) refers (Special) to libinit2.o(.ARM.Collect$$libinit$$0000001B) for __rt_lib_init_atexit_1
    libinit.o(.ARM.Collect$$libinit$$00000000) refers (Special) to libinit2.o(.ARM.Collect$$libinit$$00000021) for __rt_lib_init_clock_1
    libinit.o(.ARM.Collect$$libinit$$00000000) refers (Special) to libinit2.o(.ARM.Collect$$libinit$$00000032) for __rt_lib_init_cpp_1
    libinit.o(.ARM.Collect$$libinit$$00000000) refers (Special) to libinit2.o(.ARM.Collect$$libinit$$00000030) for __rt_lib_init_exceptions_1
    libinit.o(.ARM.Collect$$libinit$$00000000) refers (Special) to libinit2.o(.ARM.Collect$$libinit$$00000001) for __rt_lib_init_fp_1
    libinit.o(.ARM.Collect$$libinit$$00000000) refers (Special) to libinit2.o(.ARM.Collect$$libinit$$0000001F) for __rt_lib_init_fp_trap_1
    libinit.o(.ARM.Collect$$libinit$$00000000) refers (Special) to libinit2.o(.ARM.Collect$$libinit$$00000023) for __rt_lib_init_getenv_1
    libinit.o(.ARM.Collect$$libinit$$00000000) refers (Special) to libinit2.o(.ARM.Collect$$libinit$$0000000A) for __rt_lib_init_heap_1
    libinit.o(.ARM.Collect$$libinit$$00000000) refers (Special) to libinit2.o(.ARM.Collect$$libinit$$00000011) for __rt_lib_init_lc_collate_1
    libinit.o(.ARM.Collect$$libinit$$00000000) refers (Special) to libinit2.o(.ARM.Collect$$libinit$$00000013) for __rt_lib_init_lc_ctype_1
    libinit.o(.ARM.Collect$$libinit$$00000000) refers (Special) to libinit2.o(.ARM.Collect$$libinit$$00000015) for __rt_lib_init_lc_monetary_1
    libinit.o(.ARM.Collect$$libinit$$00000000) refers (Special) to libinit2.o(.ARM.Collect$$libinit$$00000017) for __rt_lib_init_lc_numeric_1
    libinit.o(.ARM.Collect$$libinit$$00000000) refers (Special) to libinit2.o(.ARM.Collect$$libinit$$00000019) for __rt_lib_init_lc_time_1
    libinit.o(.ARM.Collect$$libinit$$00000000) refers (Special) to libinit2.o(.ARM.Collect$$libinit$$00000004) for __rt_lib_init_preinit_1
    libinit.o(.ARM.Collect$$libinit$$00000000) refers (Special) to libinit2.o(.ARM.Collect$$libinit$$0000000E) for __rt_lib_init_rand_1
    libinit.o(.ARM.Collect$$libinit$$00000000) refers (Special) to libinit2.o(.ARM.Collect$$libinit$$00000033) for __rt_lib_init_return
    libinit.o(.ARM.Collect$$libinit$$00000000) refers (Special) to libinit2.o(.ARM.Collect$$libinit$$0000001D) for __rt_lib_init_signal_1
    libinit.o(.ARM.Collect$$libinit$$00000000) refers (Special) to libinit2.o(.ARM.Collect$$libinit$$00000025) for __rt_lib_init_stdio_1
    libinit.o(.ARM.Collect$$libinit$$00000000) refers (Special) to libinit2.o(.ARM.Collect$$libinit$$0000000C) for __rt_lib_init_user_alloc_1
    libspace.o(.text) refers to libspace.o(.bss) for __libspace_start
    rtexit.o(.ARM.Collect$$rtexit$$00000000) refers (Special) to rtexit2.o(.ARM.Collect$$rtexit$$00000004) for __rt_exit_exit
    rtexit.o(.ARM.Collect$$rtexit$$00000000) refers (Special) to rtexit2.o(.ARM.Collect$$rtexit$$00000003) for __rt_exit_ls
    rtexit.o(.ARM.Collect$$rtexit$$00000000) refers (Special) to rtexit2.o(.ARM.Collect$$rtexit$$00000002) for __rt_exit_prels_1
    rtexit.o(.ARM.exidx) refers (Special) to rtexit2.o(.ARM.Collect$$rtexit$$00000004) for __rt_exit_exit
    rtexit.o(.ARM.exidx) refers (Special) to rtexit2.o(.ARM.Collect$$rtexit$$00000003) for __rt_exit_ls
    rtexit.o(.ARM.exidx) refers (Special) to rtexit2.o(.ARM.Collect$$rtexit$$00000002) for __rt_exit_prels_1
    rtexit.o(.ARM.exidx) refers to rtexit.o(.ARM.Collect$$rtexit$$00000000) for .ARM.Collect$$rtexit$$00000000
    libinit2.o(.ARM.Collect$$libinit$$00000001) refers to fpinit.o(x$fpl$fpinit) for _fp_init
    libinit2.o(.ARM.Collect$$libinit$$00000010) refers to libinit2.o(.ARM.Collect$$libinit$$0000000F) for .ARM.Collect$$libinit$$0000000F
    libinit2.o(.ARM.Collect$$libinit$$00000012) refers to libinit2.o(.ARM.Collect$$libinit$$0000000F) for .ARM.Collect$$libinit$$0000000F
    libinit2.o(.ARM.Collect$$libinit$$00000014) refers to libinit2.o(.ARM.Collect$$libinit$$0000000F) for .ARM.Collect$$libinit$$0000000F
    libinit2.o(.ARM.Collect$$libinit$$00000016) refers to libinit2.o(.ARM.Collect$$libinit$$0000000F) for .ARM.Collect$$libinit$$0000000F
    libinit2.o(.ARM.Collect$$libinit$$00000018) refers to libinit2.o(.ARM.Collect$$libinit$$0000000F) for .ARM.Collect$$libinit$$0000000F
    libinit2.o(.ARM.Collect$$libinit$$00000026) refers to argv_veneer.o(.emb_text) for __ARM_argv_veneer
    libinit2.o(.ARM.Collect$$libinit$$00000027) refers to argv_veneer.o(.emb_text) for __ARM_argv_veneer
    rtexit2.o(.ARM.Collect$$rtexit$$00000003) refers to libshutdown.o(.ARM.Collect$$libshutdown$$00000000) for __rt_lib_shutdown
    rtexit2.o(.ARM.Collect$$rtexit$$00000004) refers to sys_exit.o(.text) for _sys_exit
    rtexit2.o(.ARM.exidx) refers to rtexit2.o(.ARM.Collect$$rtexit$$00000001) for .ARM.Collect$$rtexit$$00000001
    rtexit2.o(.ARM.exidx) refers to rtexit2.o(.ARM.Collect$$rtexit$$00000003) for .ARM.Collect$$rtexit$$00000003
    rtexit2.o(.ARM.exidx) refers to rtexit2.o(.ARM.Collect$$rtexit$$00000004) for .ARM.Collect$$rtexit$$00000004
    argv_veneer.o(.emb_text) refers to no_argv.o(.text) for __ARM_get_argv
    sys_exit.o(.text) refers (Special) to use_no_semi.o(.text) for __I$use$semihosting
    sys_exit.o(.text) refers (Special) to indicate_semi.o(.text) for __semihosting_library_function
    sys_exit_hlt.o(.text) refers (Special) to use_no_semi.o(.text) for __I$use$semihosting
    sys_exit_hlt.o(.text) refers (Special) to indicate_semi.o(.text) for __semihosting_library_function
    _get_argv_nomalloc.o(.text) refers (Special) to hrguard.o(.text) for __heap_region$guard
    _get_argv_nomalloc.o(.text) refers to defsig_rtmem_outer.o(.text) for __rt_SIGRTMEM
    _get_argv_nomalloc.o(.text) refers to sys_command.o(.text) for _sys_command_string
    libshutdown.o(.ARM.Collect$$libshutdown$$00000000) refers (Special) to libshutdown2.o(.ARM.Collect$$libshutdown$$00000002) for __rt_lib_shutdown_cpp_1
    libshutdown.o(.ARM.Collect$$libshutdown$$00000000) refers (Special) to libshutdown2.o(.ARM.Collect$$libshutdown$$00000007) for __rt_lib_shutdown_fp_trap_1
    libshutdown.o(.ARM.Collect$$libshutdown$$00000000) refers (Special) to libshutdown2.o(.ARM.Collect$$libshutdown$$0000000F) for __rt_lib_shutdown_heap_1
    libshutdown.o(.ARM.Collect$$libshutdown$$00000000) refers (Special) to libshutdown2.o(.ARM.Collect$$libshutdown$$00000010) for __rt_lib_shutdown_return
    libshutdown.o(.ARM.Collect$$libshutdown$$00000000) refers (Special) to libshutdown2.o(.ARM.Collect$$libshutdown$$0000000A) for __rt_lib_shutdown_signal_1
    libshutdown.o(.ARM.Collect$$libshutdown$$00000000) refers (Special) to libshutdown2.o(.ARM.Collect$$libshutdown$$00000004) for __rt_lib_shutdown_stdio_1
    libshutdown.o(.ARM.Collect$$libshutdown$$00000000) refers (Special) to libshutdown2.o(.ARM.Collect$$libshutdown$$0000000C) for __rt_lib_shutdown_user_alloc_1
    sys_command.o(.text) refers (Special) to use_no_semi.o(.text) for __I$use$semihosting
    sys_command.o(.text) refers (Special) to indicate_semi.o(.text) for __semihosting_library_function
    sys_command_hlt.o(.text) refers (Special) to use_no_semi.o(.text) for __I$use$semihosting
    sys_command_hlt.o(.text) refers (Special) to indicate_semi.o(.text) for __semihosting_library_function
    defsig_rtmem_outer.o(.text) refers to defsig_rtmem_inner.o(.text) for __rt_SIGRTMEM_inner
    defsig_rtmem_outer.o(.text) refers to defsig_exit.o(.text) for __sig_exit
    defsig_rtmem_formal.o(.text) refers to rt_raise.o(.text) for __rt_raise
    rt_raise.o(.text) refers to __raise.o(.text) for __raise
    rt_raise.o(.text) refers to sys_exit.o(.text) for _sys_exit
    defsig_exit.o(.text) refers to sys_exit.o(.text) for _sys_exit
    defsig_rtmem_inner.o(.text) refers to defsig_general.o(.text) for __default_signal_display
    __raise.o(.text) refers to defsig.o(CL$$defsig) for __default_signal_handler
    defsig_general.o(.text) refers to sys_wrch.o(.text) for _ttywrch
    sys_wrch.o(.text) refers (Special) to use_no_semi.o(.text) for __I$use$semihosting
    sys_wrch.o(.text) refers (Special) to indicate_semi.o(.text) for __semihosting_library_function
    sys_wrch_hlt.o(.text) refers (Special) to use_no_semi.o(.text) for __I$use$semihosting
    sys_wrch_hlt.o(.text) refers (Special) to indicate_semi.o(.text) for __semihosting_library_function
    defsig.o(CL$$defsig) refers to defsig_rtmem_inner.o(.text) for __rt_SIGRTMEM_inner
    defsig_abrt_inner.o(.text) refers to defsig_general.o(.text) for __default_signal_display
    defsig_fpe_inner.o(.text) refers to defsig_general.o(.text) for __default_signal_display
    defsig_rtred_inner.o(.text) refers to defsig_general.o(.text) for __default_signal_display
    defsig_stak_inner.o(.text) refers to defsig_general.o(.text) for __default_signal_display
    defsig_pvfn_inner.o(.text) refers to defsig_general.o(.text) for __default_signal_display
    defsig_cppl_inner.o(.text) refers to defsig_general.o(.text) for __default_signal_display
    defsig_segv_inner.o(.text) refers to defsig_general.o(.text) for __default_signal_display
    defsig_other.o(.text) refers to defsig_general.o(.text) for __default_signal_display


==============================================================================

Removing Unused input sections from the image.

    Removing dio_program.o(.text), (0 bytes).
    Removing dio_program.o(.ARM.exidx.text.DIO_READChannel), (8 bytes).
    Removing dio_program.o(.ARM.exidx.text.DIO_WriteChannel), (8 bytes).
    Removing dio_program.o(.text.DIO_ReadPort), (60 bytes).
    Removing dio_program.o(.ARM.exidx.text.DIO_ReadPort), (8 bytes).
    Removing dio_program.o(.text.Dio_WritePort), (110 bytes).
    Removing dio_program.o(.ARM.exidx.text.Dio_WritePort), (8 bytes).
    Removing dio_program.o(.text.DIO_DirectionPort), (64 bytes).
    Removing dio_program.o(.ARM.exidx.text.DIO_DirectionPort), (8 bytes).
    Removing dio_program.o(.ARM.exidx.text.DIO_DirectionChannel), (8 bytes).
    Removing dio_program.o(.ARM.exidx.text.DIO_PULLUP_PIN), (8 bytes).
    Removing dio_program.o(.ARM.exidx.text.DIO_ENInterrupt), (8 bytes).
    Removing dio_program.o(.ARM.exidx.text.CallBackFn), (8 bytes).
    Removing dio_program.o(.ARM.exidx.text.GPIOF_Handler), (8 bytes).
    Removing mcu_program.o(.text), (0 bytes).
    Removing mcu_program.o(.text.MCU_Init), (2 bytes).
    Removing mcu_program.o(.ARM.exidx.text.MCU_Init), (8 bytes).
    Removing mcu_program.o(.text.Mcu_GetPllStatus), (18 bytes).
    Removing mcu_program.o(.ARM.exidx.text.Mcu_GetPllStatus), (8 bytes).
    Removing mcu_program.o(.ARM.exidx.text.Mcu_InitClock), (8 bytes).
    Removing mcu_program.o(.text.Mcu_GetResetRawValue), (80 bytes).
    Removing mcu_program.o(.ARM.exidx.text.Mcu_GetResetRawValue), (8 bytes).
    Removing mcu_program.o(.text.Mcu_PerformReset), (36 bytes).
    Removing mcu_program.o(.ARM.exidx.text.Mcu_PerformReset), (8 bytes).
    Removing mcu_program.o(.ARM.exidx.text.MCU_CLOCK_PERIPHERALS), (8 bytes).
    Removing mcu_program.o(.rodata.System_clocks), (6 bytes).
    Removing intctrl_lcfg.o(.text), (0 bytes).
    Removing intctrl_lcfg.o(.ARM.exidx.text.IntCtrl_BasePriority), (8 bytes).
    Removing intctrl_program.o(.text), (0 bytes).
    Removing intctrl_program.o(.ARM.exidx.text.IntCtrl_Init), (8 bytes).
    Removing gptm_program.o(.text), (0 bytes).
    Removing gptm_program.o(.text.GPTM_Init), (72 bytes).
    Removing gptm_program.o(.ARM.exidx.text.GPTM_Init), (8 bytes).
    Removing gptm_program.o(.ARM.exidx.text.GPTM_delay_sec), (8 bytes).
    Removing gptm_program.o(.ARM.exidx.text.GPTM_delay_millisec), (8 bytes).
    Removing gptm_program.o(.ARM.exidx.text.TIMER0A_Handler), (8 bytes).
    Removing app.o(.text), (0 bytes).
    Removing app.o(.ARM.exidx.text.APP_Init), (8 bytes).
    Removing app.o(.ARM.exidx.text.APP_ISR), (8 bytes).
    Removing app.o(.ARM.exidx.text.APP_Start), (8 bytes).
    Removing main.o(.text), (0 bytes).
    Removing main.o(.ARM.exidx.text.main), (8 bytes).
    Removing main.o(.ARM.use_no_argv), (4 bytes).
    Removing system_tm4c123.o(.text), (0 bytes).

44 unused section(s) (total 660 bytes) removed from the image.

==============================================================================

Image Symbol Table

    Local Symbols

    Symbol Name                              Value     Ov Type        Size  Object(Section)

    ../clib/angel/boardlib.s                 0x00000000   Number         0  boardinit1.o ABSOLUTE
    ../clib/angel/boardlib.s                 0x00000000   Number         0  boardinit2.o ABSOLUTE
    ../clib/angel/boardlib.s                 0x00000000   Number         0  boardinit3.o ABSOLUTE
    ../clib/angel/boardlib.s                 0x00000000   Number         0  boardshut.o ABSOLUTE
    ../clib/angel/handlers.s                 0x00000000   Number         0  __scatter_zi.o ABSOLUTE
    ../clib/angel/kernel.s                   0x00000000   Number         0  __rtentry.o ABSOLUTE
    ../clib/angel/kernel.s                   0x00000000   Number         0  __rtentry2.o ABSOLUTE
    ../clib/angel/kernel.s                   0x00000000   Number         0  __rtentry4.o ABSOLUTE
    ../clib/angel/kernel.s                   0x00000000   Number         0  rtexit.o ABSOLUTE
    ../clib/angel/kernel.s                   0x00000000   Number         0  rtexit2.o ABSOLUTE
    ../clib/angel/rt.s                       0x00000000   Number         0  rt_raise.o ABSOLUTE
    ../clib/angel/scatter.s                  0x00000000   Number         0  __scatter.o ABSOLUTE
    ../clib/angel/startup.s                  0x00000000   Number         0  __main.o ABSOLUTE
    ../clib/angel/sys.s                      0x00000000   Number         0  sys_stackheap_outer.o ABSOLUTE
    ../clib/angel/sys.s                      0x00000000   Number         0  libspace.o ABSOLUTE
    ../clib/angel/sys.s                      0x00000000   Number         0  use_no_semi.o ABSOLUTE
    ../clib/angel/sys.s                      0x00000000   Number         0  indicate_semi.o ABSOLUTE
    ../clib/angel/sysapp.c                   0x00000000   Number         0  sys_exit.o ABSOLUTE
    ../clib/angel/sysapp.c                   0x00000000   Number         0  sys_exit_hlt.o ABSOLUTE
    ../clib/angel/sysapp.c                   0x00000000   Number         0  sys_command.o ABSOLUTE
    ../clib/angel/sysapp.c                   0x00000000   Number         0  sys_command_hlt.o ABSOLUTE
    ../clib/angel/sysapp.c                   0x00000000   Number         0  sys_wrch.o ABSOLUTE
    ../clib/angel/sysapp.c                   0x00000000   Number         0  sys_wrch_hlt.o ABSOLUTE
    ../clib/armsys.c                         0x00000000   Number         0  argv_veneer.o ABSOLUTE
    ../clib/armsys.c                         0x00000000   Number         0  argv_veneer.o ABSOLUTE
    ../clib/armsys.c                         0x00000000   Number         0  _get_argv_nomalloc.o ABSOLUTE
    ../clib/armsys.c                         0x00000000   Number         0  no_argv.o ABSOLUTE
    ../clib/heapalloc.c                      0x00000000   Number         0  hrguard.o ABSOLUTE
    ../clib/heapaux.c                        0x00000000   Number         0  heapauxi.o ABSOLUTE
    ../clib/libinit.s                        0x00000000   Number         0  libinit.o ABSOLUTE
    ../clib/libinit.s                        0x00000000   Number         0  libinit2.o ABSOLUTE
    ../clib/libinit.s                        0x00000000   Number         0  libshutdown.o ABSOLUTE
    ../clib/libinit.s                        0x00000000   Number         0  libshutdown2.o ABSOLUTE
    ../clib/signal.c                         0x00000000   Number         0  defsig_rtmem_outer.o ABSOLUTE
    ../clib/signal.c                         0x00000000   Number         0  defsig_rtmem_formal.o ABSOLUTE
    ../clib/signal.c                         0x00000000   Number         0  defsig_exit.o ABSOLUTE
    ../clib/signal.c                         0x00000000   Number         0  defsig_rtmem_inner.o ABSOLUTE
    ../clib/signal.c                         0x00000000   Number         0  __raise.o ABSOLUTE
    ../clib/signal.c                         0x00000000   Number         0  defsig_general.o ABSOLUTE
    ../clib/signal.c                         0x00000000   Number         0  defsig_abrt_inner.o ABSOLUTE
    ../clib/signal.c                         0x00000000   Number         0  defsig_fpe_inner.o ABSOLUTE
    ../clib/signal.c                         0x00000000   Number         0  defsig_rtred_inner.o ABSOLUTE
    ../clib/signal.c                         0x00000000   Number         0  defsig_stak_inner.o ABSOLUTE
    ../clib/signal.c                         0x00000000   Number         0  defsig_pvfn_inner.o ABSOLUTE
    ../clib/signal.c                         0x00000000   Number         0  defsig_cppl_inner.o ABSOLUTE
    ../clib/signal.c                         0x00000000   Number         0  defsig_segv_inner.o ABSOLUTE
    ../clib/signal.c                         0x00000000   Number         0  defsig_other.o ABSOLUTE
    ../clib/signal.s                         0x00000000   Number         0  defsig.o ABSOLUTE
    ../clib/stdlib.c                         0x00000000   Number         0  exit.o ABSOLUTE
    ../fplib/fpinit.s                        0x00000000   Number         0  fpinit.o ABSOLUTE
    APP.c                                    0x00000000   Number         0  app.o ABSOLUTE
    DIO_Program.c                            0x00000000   Number         0  dio_program.o ABSOLUTE
    GPTM_Program.c                           0x00000000   Number         0  gptm_program.o ABSOLUTE
    IntCtrl_Lcfg.c                           0x00000000   Number         0  intctrl_lcfg.o ABSOLUTE
    IntCtrl_Program.c                        0x00000000   Number         0  intctrl_program.o ABSOLUTE
    MCU_Program.c                            0x00000000   Number         0  mcu_program.o ABSOLUTE
    RTE/Device/TM4C123GH6PM/startup_TM4C123.s 0x00000000   Number         0  startup_tm4c123.o ABSOLUTE
    dc.s                                     0x00000000   Number         0  dc.o ABSOLUTE
    main.c                                   0x00000000   Number         0  main.o ABSOLUTE
    system_TM4C123.c                         0x00000000   Number         0  system_tm4c123.o ABSOLUTE
    RESET                                    0x00000000   Section      620  startup_tm4c123.o(RESET)
    !!!main                                  0x0000026c   Section        8  __main.o(!!!main)
    !!!scatter                               0x00000274   Section       52  __scatter.o(!!!scatter)
    !!handler_zi                             0x000002a8   Section       28  __scatter_zi.o(!!handler_zi)
    .ARM.Collect$$libinit$$00000000          0x000002c4   Section        2  libinit.o(.ARM.Collect$$libinit$$00000000)
    .ARM.Collect$$libinit$$00000001          0x000002c6   Section        4  libinit2.o(.ARM.Collect$$libinit$$00000001)
    .ARM.Collect$$libinit$$00000004          0x000002ca   Section        0  libinit2.o(.ARM.Collect$$libinit$$00000004)
    .ARM.Collect$$libinit$$0000000A          0x000002ca   Section        0  libinit2.o(.ARM.Collect$$libinit$$0000000A)
    .ARM.Collect$$libinit$$0000000C          0x000002ca   Section        0  libinit2.o(.ARM.Collect$$libinit$$0000000C)
    .ARM.Collect$$libinit$$0000000E          0x000002ca   Section        0  libinit2.o(.ARM.Collect$$libinit$$0000000E)
    .ARM.Collect$$libinit$$00000011          0x000002ca   Section        0  libinit2.o(.ARM.Collect$$libinit$$00000011)
    .ARM.Collect$$libinit$$00000013          0x000002ca   Section        0  libinit2.o(.ARM.Collect$$libinit$$00000013)
    .ARM.Collect$$libinit$$00000015          0x000002ca   Section        0  libinit2.o(.ARM.Collect$$libinit$$00000015)
    .ARM.Collect$$libinit$$00000017          0x000002ca   Section        0  libinit2.o(.ARM.Collect$$libinit$$00000017)
    .ARM.Collect$$libinit$$00000019          0x000002ca   Section        0  libinit2.o(.ARM.Collect$$libinit$$00000019)
    .ARM.Collect$$libinit$$0000001B          0x000002ca   Section        0  libinit2.o(.ARM.Collect$$libinit$$0000001B)
    .ARM.Collect$$libinit$$0000001D          0x000002ca   Section        0  libinit2.o(.ARM.Collect$$libinit$$0000001D)
    .ARM.Collect$$libinit$$0000001F          0x000002ca   Section        0  libinit2.o(.ARM.Collect$$libinit$$0000001F)
    .ARM.Collect$$libinit$$00000021          0x000002ca   Section        0  libinit2.o(.ARM.Collect$$libinit$$00000021)
    .ARM.Collect$$libinit$$00000023          0x000002ca   Section        0  libinit2.o(.ARM.Collect$$libinit$$00000023)
    .ARM.Collect$$libinit$$00000025          0x000002ca   Section        0  libinit2.o(.ARM.Collect$$libinit$$00000025)
    .ARM.Collect$$libinit$$0000002C          0x000002ca   Section        0  libinit2.o(.ARM.Collect$$libinit$$0000002C)
    .ARM.Collect$$libinit$$0000002E          0x000002ca   Section        0  libinit2.o(.ARM.Collect$$libinit$$0000002E)
    .ARM.Collect$$libinit$$00000030          0x000002ca   Section        0  libinit2.o(.ARM.Collect$$libinit$$00000030)
    .ARM.Collect$$libinit$$00000032          0x000002ca   Section        0  libinit2.o(.ARM.Collect$$libinit$$00000032)
    .ARM.Collect$$libinit$$00000033          0x000002ca   Section        2  libinit2.o(.ARM.Collect$$libinit$$00000033)
    .ARM.Collect$$libshutdown$$00000000      0x000002cc   Section        2  libshutdown.o(.ARM.Collect$$libshutdown$$00000000)
    .ARM.Collect$$libshutdown$$00000002      0x000002ce   Section        0  libshutdown2.o(.ARM.Collect$$libshutdown$$00000002)
    .ARM.Collect$$libshutdown$$00000004      0x000002ce   Section        0  libshutdown2.o(.ARM.Collect$$libshutdown$$00000004)
    .ARM.Collect$$libshutdown$$00000007      0x000002ce   Section        0  libshutdown2.o(.ARM.Collect$$libshutdown$$00000007)
    .ARM.Collect$$libshutdown$$0000000A      0x000002ce   Section        0  libshutdown2.o(.ARM.Collect$$libshutdown$$0000000A)
    .ARM.Collect$$libshutdown$$0000000C      0x000002ce   Section        0  libshutdown2.o(.ARM.Collect$$libshutdown$$0000000C)
    .ARM.Collect$$libshutdown$$0000000F      0x000002ce   Section        0  libshutdown2.o(.ARM.Collect$$libshutdown$$0000000F)
    .ARM.Collect$$libshutdown$$00000010      0x000002ce   Section        2  libshutdown2.o(.ARM.Collect$$libshutdown$$00000010)
    .ARM.Collect$$rtentry$$00000000          0x000002d0   Section        0  __rtentry.o(.ARM.Collect$$rtentry$$00000000)
    .ARM.Collect$$rtentry$$00000002          0x000002d0   Section        0  __rtentry2.o(.ARM.Collect$$rtentry$$00000002)
    .ARM.Collect$$rtentry$$00000004          0x000002d0   Section        6  __rtentry4.o(.ARM.Collect$$rtentry$$00000004)
    .ARM.Collect$$rtentry$$00000009          0x000002d6   Section        0  __rtentry2.o(.ARM.Collect$$rtentry$$00000009)
    .ARM.Collect$$rtentry$$0000000A          0x000002d6   Section        4  __rtentry2.o(.ARM.Collect$$rtentry$$0000000A)
    .ARM.Collect$$rtentry$$0000000C          0x000002da   Section        0  __rtentry2.o(.ARM.Collect$$rtentry$$0000000C)
    .ARM.Collect$$rtentry$$0000000D          0x000002da   Section        8  __rtentry2.o(.ARM.Collect$$rtentry$$0000000D)
    .ARM.Collect$$rtexit$$00000000           0x000002e2   Section        2  rtexit.o(.ARM.Collect$$rtexit$$00000000)
    .ARM.Collect$$rtexit$$00000002           0x000002e4   Section        0  rtexit2.o(.ARM.Collect$$rtexit$$00000002)
    .ARM.Collect$$rtexit$$00000003           0x000002e4   Section        4  rtexit2.o(.ARM.Collect$$rtexit$$00000003)
    .ARM.Collect$$rtexit$$00000004           0x000002e8   Section        6  rtexit2.o(.ARM.Collect$$rtexit$$00000004)
    $v0                                      0x000002f0   Number         0  startup_tm4c123.o(.text)
    .text                                    0x000002f0   Section      284  startup_tm4c123.o(.text)
    .text                                    0x0000040c   Section        0  heapauxi.o(.text)
    .text                                    0x00000412   Section       74  sys_stackheap_outer.o(.text)
    .text                                    0x0000045c   Section        0  exit.o(.text)
    .text                                    0x00000470   Section        8  libspace.o(.text)
    .text                                    0x00000478   Section        0  sys_exit.o(.text)
    .text                                    0x00000484   Section        2  use_no_semi.o(.text)
    .text                                    0x00000486   Section        0  indicate_semi.o(.text)
    [Anonymous Symbol]                       0x00000488   Section        0  app.o(.text.APP_ISR)
    [Anonymous Symbol]                       0x00000504   Section        0  app.o(.text.APP_Init)
    [Anonymous Symbol]                       0x00000560   Section        0  app.o(.text.APP_Start)
    [Anonymous Symbol]                       0x00000588   Section        0  dio_program.o(.text.CallBackFn)
    [Anonymous Symbol]                       0x00000594   Section        0  dio_program.o(.text.DIO_DirectionChannel)
    [Anonymous Symbol]                       0x00000698   Section        0  dio_program.o(.text.DIO_ENInterrupt)
    [Anonymous Symbol]                       0x00000770   Section        0  dio_program.o(.text.DIO_PULLUP_PIN)
    [Anonymous Symbol]                       0x00000884   Section        0  dio_program.o(.text.DIO_READChannel)
    [Anonymous Symbol]                       0x00000924   Section        0  dio_program.o(.text.DIO_WriteChannel)
    [Anonymous Symbol]                       0x00000ac0   Section        0  dio_program.o(.text.GPIOF_Handler)
    [Anonymous Symbol]                       0x00000aec   Section        0  gptm_program.o(.text.GPTM_delay_millisec)
    [Anonymous Symbol]                       0x00000b58   Section        0  gptm_program.o(.text.GPTM_delay_sec)
    [Anonymous Symbol]                       0x00000bc8   Section        0  intctrl_lcfg.o(.text.IntCtrl_BasePriority)
    [Anonymous Symbol]                       0x00000bd4   Section        0  intctrl_program.o(.text.IntCtrl_Init)
    [Anonymous Symbol]                       0x00000c94   Section        0  mcu_program.o(.text.MCU_CLOCK_PERIPHERALS)
    [Anonymous Symbol]                       0x00000cd0   Section        0  mcu_program.o(.text.Mcu_InitClock)
    [Anonymous Symbol]                       0x00000d10   Section        0  gptm_program.o(.text.TIMER0A_Handler)
    [Anonymous Symbol]                       0x00000d28   Section        0  main.o(.text.main)
    $v0                                      0x00000d4e   Number         0  fpinit.o(x$fpl$fpinit)
    x$fpl$fpinit                             0x00000d4e   Section       26  fpinit.o(x$fpl$fpinit)
    .bss                                     0x20000000   Section       96  libspace.o(.bss)
    BIT_EN                                   0x20000060   Data           4  intctrl_program.o(.bss.BIT_EN)
    [Anonymous Symbol]                       0x20000060   Section        0  intctrl_program.o(.bss.BIT_EN)
    Bit_offset                               0x20000064   Data           4  intctrl_program.o(.bss.Bit_offset)
    [Anonymous Symbol]                       0x20000064   Section        0  intctrl_program.o(.bss.Bit_offset)
    NVIC_PRI                                 0x20000068   Data           4  intctrl_program.o(.bss.NVIC_PRI)
    [Anonymous Symbol]                       0x20000068   Section        0  intctrl_program.o(.bss.NVIC_PRI)
    REG_EN                                   0x2000006c   Data           4  intctrl_program.o(.bss.REG_EN)
    [Anonymous Symbol]                       0x2000006c   Section        0  intctrl_program.o(.bss.REG_EN)
    Reg_offset                               0x20000070   Data           4  intctrl_program.o(.bss.Reg_offset)
    [Anonymous Symbol]                       0x20000070   Section        0  intctrl_program.o(.bss.Reg_offset)
    reg                                      0x2000007c   Data           4  dio_program.o(.bss.reg)
    [Anonymous Symbol]                       0x2000007c   Section        0  dio_program.o(.bss.reg)
    Heap_Mem                                 0x20000080   Data           0  startup_tm4c123.o(HEAP)
    Stack_Mem                                0x20000080   Data         512  startup_tm4c123.o(STACK)
    HEAP                                     0x20000080   Section        0  startup_tm4c123.o(HEAP)
    STACK                                    0x20000080   Section      512  startup_tm4c123.o(STACK)
    __initial_sp                             0x20000280   Data           0  startup_tm4c123.o(STACK)

    Global Symbols

    Symbol Name                              Value     Ov Type        Size  Object(Section)

    BuildAttributes$$THM_ISAv4$E$P$D$K$B$S$7EM$VFPi3$EXTD16$VFPS$VFMA$PE$A:L22UL41UL21$X:L11$S22US41US21$IEEE1$IW$~IW$USESV6$~STKCKD$USESV7$~SHL$OTIME$ROPI$EBA8$UX$STANDARDLIB$REQ8$PRES8$EABIv2 0x00000000   Number         0  anon$$obj.o ABSOLUTE
    __Vectors                                0x00000000   Data           4  startup_tm4c123.o(RESET)
    __ARM_exceptions_init                     - Undefined Weak Reference
    __alloca_initialize                       - Undefined Weak Reference
    __arm_preinit_                            - Undefined Weak Reference
    __cpp_initialize__aeabi_                  - Undefined Weak Reference
    __cxa_finalize                            - Undefined Weak Reference
    __rt_locale                               - Undefined Weak Reference
    __sigvec_lookup                           - Undefined Weak Reference
    _atexit_init                              - Undefined Weak Reference
    _call_atexit_fns                          - Undefined Weak Reference
    _clock_init                               - Undefined Weak Reference
    _fp_trap_init                             - Undefined Weak Reference
    _fp_trap_shutdown                         - Undefined Weak Reference
    _get_lc_collate                           - Undefined Weak Reference
    _get_lc_ctype                             - Undefined Weak Reference
    _get_lc_monetary                          - Undefined Weak Reference
    _get_lc_numeric                           - Undefined Weak Reference
    _get_lc_time                              - Undefined Weak Reference
    _getenv_init                              - Undefined Weak Reference
    _handle_redirection                       - Undefined Weak Reference
    _init_alloc                               - Undefined Weak Reference
    _init_user_alloc                          - Undefined Weak Reference
    _initio                                   - Undefined Weak Reference
    _rand_init                                - Undefined Weak Reference
    _signal_finish                            - Undefined Weak Reference
    _signal_init                              - Undefined Weak Reference
    _terminate_alloc                          - Undefined Weak Reference
    _terminate_user_alloc                     - Undefined Weak Reference
    _terminateio                              - Undefined Weak Reference
    __Vectors_End                            0x0000026c   Data           0  startup_tm4c123.o(RESET)
    __Vectors_Size                           0x0000026c   Number         0  startup_tm4c123.o ABSOLUTE
    __main                                   0x0000026d   Thumb Code     8  __main.o(!!!main)
    __scatterload                            0x00000275   Thumb Code     0  __scatter.o(!!!scatter)
    __scatterload_rt2                        0x00000275   Thumb Code    44  __scatter.o(!!!scatter)
    __scatterload_rt2_thumb_only             0x00000275   Thumb Code     0  __scatter.o(!!!scatter)
    __scatterload_null                       0x00000283   Thumb Code     0  __scatter.o(!!!scatter)
    __scatterload_zeroinit                   0x000002a9   Thumb Code    28  __scatter_zi.o(!!handler_zi)
    __rt_lib_init                            0x000002c5   Thumb Code     0  libinit.o(.ARM.Collect$$libinit$$00000000)
    __rt_lib_init_fp_1                       0x000002c7   Thumb Code     0  libinit2.o(.ARM.Collect$$libinit$$00000001)
    __rt_lib_init_alloca_1                   0x000002cb   Thumb Code     0  libinit2.o(.ARM.Collect$$libinit$$0000002E)
    __rt_lib_init_argv_1                     0x000002cb   Thumb Code     0  libinit2.o(.ARM.Collect$$libinit$$0000002C)
    __rt_lib_init_atexit_1                   0x000002cb   Thumb Code     0  libinit2.o(.ARM.Collect$$libinit$$0000001B)
    __rt_lib_init_clock_1                    0x000002cb   Thumb Code     0  libinit2.o(.ARM.Collect$$libinit$$00000021)
    __rt_lib_init_cpp_1                      0x000002cb   Thumb Code     0  libinit2.o(.ARM.Collect$$libinit$$00000032)
    __rt_lib_init_exceptions_1               0x000002cb   Thumb Code     0  libinit2.o(.ARM.Collect$$libinit$$00000030)
    __rt_lib_init_fp_trap_1                  0x000002cb   Thumb Code     0  libinit2.o(.ARM.Collect$$libinit$$0000001F)
    __rt_lib_init_getenv_1                   0x000002cb   Thumb Code     0  libinit2.o(.ARM.Collect$$libinit$$00000023)
    __rt_lib_init_heap_1                     0x000002cb   Thumb Code     0  libinit2.o(.ARM.Collect$$libinit$$0000000A)
    __rt_lib_init_lc_collate_1               0x000002cb   Thumb Code     0  libinit2.o(.ARM.Collect$$libinit$$00000011)
    __rt_lib_init_lc_ctype_1                 0x000002cb   Thumb Code     0  libinit2.o(.ARM.Collect$$libinit$$00000013)
    __rt_lib_init_lc_monetary_1              0x000002cb   Thumb Code     0  libinit2.o(.ARM.Collect$$libinit$$00000015)
    __rt_lib_init_lc_numeric_1               0x000002cb   Thumb Code     0  libinit2.o(.ARM.Collect$$libinit$$00000017)
    __rt_lib_init_lc_time_1                  0x000002cb   Thumb Code     0  libinit2.o(.ARM.Collect$$libinit$$00000019)
    __rt_lib_init_preinit_1                  0x000002cb   Thumb Code     0  libinit2.o(.ARM.Collect$$libinit$$00000004)
    __rt_lib_init_rand_1                     0x000002cb   Thumb Code     0  libinit2.o(.ARM.Collect$$libinit$$0000000E)
    __rt_lib_init_return                     0x000002cb   Thumb Code     0  libinit2.o(.ARM.Collect$$libinit$$00000033)
    __rt_lib_init_signal_1                   0x000002cb   Thumb Code     0  libinit2.o(.ARM.Collect$$libinit$$0000001D)
    __rt_lib_init_stdio_1                    0x000002cb   Thumb Code     0  libinit2.o(.ARM.Collect$$libinit$$00000025)
    __rt_lib_init_user_alloc_1               0x000002cb   Thumb Code     0  libinit2.o(.ARM.Collect$$libinit$$0000000C)
    __rt_lib_shutdown                        0x000002cd   Thumb Code     0  libshutdown.o(.ARM.Collect$$libshutdown$$00000000)
    __rt_lib_shutdown_cpp_1                  0x000002cf   Thumb Code     0  libshutdown2.o(.ARM.Collect$$libshutdown$$00000002)
    __rt_lib_shutdown_fp_trap_1              0x000002cf   Thumb Code     0  libshutdown2.o(.ARM.Collect$$libshutdown$$00000007)
    __rt_lib_shutdown_heap_1                 0x000002cf   Thumb Code     0  libshutdown2.o(.ARM.Collect$$libshutdown$$0000000F)
    __rt_lib_shutdown_return                 0x000002cf   Thumb Code     0  libshutdown2.o(.ARM.Collect$$libshutdown$$00000010)
    __rt_lib_shutdown_signal_1               0x000002cf   Thumb Code     0  libshutdown2.o(.ARM.Collect$$libshutdown$$0000000A)
    __rt_lib_shutdown_stdio_1                0x000002cf   Thumb Code     0  libshutdown2.o(.ARM.Collect$$libshutdown$$00000004)
    __rt_lib_shutdown_user_alloc_1           0x000002cf   Thumb Code     0  libshutdown2.o(.ARM.Collect$$libshutdown$$0000000C)
    __rt_entry                               0x000002d1   Thumb Code     0  __rtentry.o(.ARM.Collect$$rtentry$$00000000)
    __rt_entry_presh_1                       0x000002d1   Thumb Code     0  __rtentry2.o(.ARM.Collect$$rtentry$$00000002)
    __rt_entry_sh                            0x000002d1   Thumb Code     0  __rtentry4.o(.ARM.Collect$$rtentry$$00000004)
    __rt_entry_li                            0x000002d7   Thumb Code     0  __rtentry2.o(.ARM.Collect$$rtentry$$0000000A)
    __rt_entry_postsh_1                      0x000002d7   Thumb Code     0  __rtentry2.o(.ARM.Collect$$rtentry$$00000009)
    __rt_entry_main                          0x000002db   Thumb Code     0  __rtentry2.o(.ARM.Collect$$rtentry$$0000000D)
    __rt_entry_postli_1                      0x000002db   Thumb Code     0  __rtentry2.o(.ARM.Collect$$rtentry$$0000000C)
    __rt_exit                                0x000002e3   Thumb Code     0  rtexit.o(.ARM.Collect$$rtexit$$00000000)
    __rt_exit_ls                             0x000002e5   Thumb Code     0  rtexit2.o(.ARM.Collect$$rtexit$$00000003)
    __rt_exit_prels_1                        0x000002e5   Thumb Code     0  rtexit2.o(.ARM.Collect$$rtexit$$00000002)
    __rt_exit_exit                           0x000002e9   Thumb Code     0  rtexit2.o(.ARM.Collect$$rtexit$$00000004)
    Reset_Handler                            0x000002f1   Thumb Code    12  startup_tm4c123.o(.text)
    NMI_Handler                              0x000002fd   Thumb Code     2  startup_tm4c123.o(.text)
    HardFault_Handler                        0x000002ff   Thumb Code     2  startup_tm4c123.o(.text)
    MemManage_Handler                        0x00000301   Thumb Code     2  startup_tm4c123.o(.text)
    BusFault_Handler                         0x00000303   Thumb Code     2  startup_tm4c123.o(.text)
    UsageFault_Handler                       0x00000305   Thumb Code     2  startup_tm4c123.o(.text)
    SVC_Handler                              0x00000307   Thumb Code     2  startup_tm4c123.o(.text)
    DebugMon_Handler                         0x00000309   Thumb Code     2  startup_tm4c123.o(.text)
    PendSV_Handler                           0x0000030b   Thumb Code     2  startup_tm4c123.o(.text)
    SysTick_Handler                          0x0000030d   Thumb Code     2  startup_tm4c123.o(.text)
    GPIOA_Handler                            0x0000030f   Thumb Code     2  startup_tm4c123.o(.text)
    GPIOB_Handler                            0x00000311   Thumb Code     2  startup_tm4c123.o(.text)
    GPIOC_Handler                            0x00000313   Thumb Code     2  startup_tm4c123.o(.text)
    GPIOD_Handler                            0x00000315   Thumb Code     2  startup_tm4c123.o(.text)
    GPIOE_Handler                            0x00000317   Thumb Code     2  startup_tm4c123.o(.text)
    UART0_Handler                            0x00000319   Thumb Code     2  startup_tm4c123.o(.text)
    UART1_Handler                            0x0000031b   Thumb Code     2  startup_tm4c123.o(.text)
    SSI0_Handler                             0x0000031d   Thumb Code     2  startup_tm4c123.o(.text)
    I2C0_Handler                             0x0000031f   Thumb Code     2  startup_tm4c123.o(.text)
    PMW0_FAULT_Handler                       0x00000321   Thumb Code     2  startup_tm4c123.o(.text)
    PWM0_0_Handler                           0x00000323   Thumb Code     2  startup_tm4c123.o(.text)
    PWM0_1_Handler                           0x00000325   Thumb Code     2  startup_tm4c123.o(.text)
    PWM0_2_Handler                           0x00000327   Thumb Code     2  startup_tm4c123.o(.text)
    QEI0_Handler                             0x00000329   Thumb Code     2  startup_tm4c123.o(.text)
    ADC0SS0_Handler                          0x0000032b   Thumb Code     2  startup_tm4c123.o(.text)
    ADC0SS1_Handler                          0x0000032d   Thumb Code     2  startup_tm4c123.o(.text)
    ADC0SS2_Handler                          0x0000032f   Thumb Code     2  startup_tm4c123.o(.text)
    ADC0SS3_Handler                          0x00000331   Thumb Code     2  startup_tm4c123.o(.text)
    WDT0_Handler                             0x00000333   Thumb Code     2  startup_tm4c123.o(.text)
    TIMER0B_Handler                          0x00000337   Thumb Code     2  startup_tm4c123.o(.text)
    TIMER1A_Handler                          0x00000339   Thumb Code     2  startup_tm4c123.o(.text)
    TIMER1B_Handler                          0x0000033b   Thumb Code     2  startup_tm4c123.o(.text)
    TIMER2A_Handler                          0x0000033d   Thumb Code     2  startup_tm4c123.o(.text)
    TIMER2B_Handler                          0x0000033f   Thumb Code     2  startup_tm4c123.o(.text)
    COMP0_Handler                            0x00000341   Thumb Code     2  startup_tm4c123.o(.text)
    COMP1_Handler                            0x00000343   Thumb Code     2  startup_tm4c123.o(.text)
    COMP2_Handler                            0x00000345   Thumb Code     2  startup_tm4c123.o(.text)
    SYSCTL_Handler                           0x00000347   Thumb Code     2  startup_tm4c123.o(.text)
    FLASH_Handler                            0x00000349   Thumb Code     2  startup_tm4c123.o(.text)
    GPIOG_Handler                            0x0000034d   Thumb Code     2  startup_tm4c123.o(.text)
    GPIOH_Handler                            0x0000034f   Thumb Code     2  startup_tm4c123.o(.text)
    UART2_Handler                            0x00000351   Thumb Code     2  startup_tm4c123.o(.text)
    SSI1_Handler                             0x00000353   Thumb Code     2  startup_tm4c123.o(.text)
    TIMER3A_Handler                          0x00000355   Thumb Code     2  startup_tm4c123.o(.text)
    TIMER3B_Handler                          0x00000357   Thumb Code     2  startup_tm4c123.o(.text)
    I2C1_Handler                             0x00000359   Thumb Code     2  startup_tm4c123.o(.text)
    QEI1_Handler                             0x0000035b   Thumb Code     2  startup_tm4c123.o(.text)
    CAN0_Handler                             0x0000035d   Thumb Code     2  startup_tm4c123.o(.text)
    CAN1_Handler                             0x0000035f   Thumb Code     2  startup_tm4c123.o(.text)
    CAN2_Handler                             0x00000361   Thumb Code     2  startup_tm4c123.o(.text)
    HIB_Handler                              0x00000363   Thumb Code     2  startup_tm4c123.o(.text)
    USB0_Handler                             0x00000365   Thumb Code     2  startup_tm4c123.o(.text)
    PWM0_3_Handler                           0x00000367   Thumb Code     2  startup_tm4c123.o(.text)
    UDMA_Handler                             0x00000369   Thumb Code     2  startup_tm4c123.o(.text)
    UDMAERR_Handler                          0x0000036b   Thumb Code     2  startup_tm4c123.o(.text)
    ADC1SS0_Handler                          0x0000036d   Thumb Code     2  startup_tm4c123.o(.text)
    ADC1SS1_Handler                          0x0000036f   Thumb Code     2  startup_tm4c123.o(.text)
    ADC1SS2_Handler                          0x00000371   Thumb Code     2  startup_tm4c123.o(.text)
    ADC1SS3_Handler                          0x00000373   Thumb Code     2  startup_tm4c123.o(.text)
    GPIOJ_Handler                            0x00000375   Thumb Code     2  startup_tm4c123.o(.text)
    GPIOK_Handler                            0x00000377   Thumb Code     2  startup_tm4c123.o(.text)
    GPIOL_Handler                            0x00000379   Thumb Code     2  startup_tm4c123.o(.text)
    SSI2_Handler                             0x0000037b   Thumb Code     2  startup_tm4c123.o(.text)
    SSI3_Handler                             0x0000037d   Thumb Code     2  startup_tm4c123.o(.text)
    UART3_Handler                            0x0000037f   Thumb Code     2  startup_tm4c123.o(.text)
    UART4_Handler                            0x00000381   Thumb Code     2  startup_tm4c123.o(.text)
    UART5_Handler                            0x00000383   Thumb Code     2  startup_tm4c123.o(.text)
    UART6_Handler                            0x00000385   Thumb Code     2  startup_tm4c123.o(.text)
    UART7_Handler                            0x00000387   Thumb Code     2  startup_tm4c123.o(.text)
    I2C2_Handler                             0x00000389   Thumb Code     2  startup_tm4c123.o(.text)
    I2C3_Handler                             0x0000038b   Thumb Code     2  startup_tm4c123.o(.text)
    TIMER4A_Handler                          0x0000038d   Thumb Code     2  startup_tm4c123.o(.text)
    TIMER4B_Handler                          0x0000038f   Thumb Code     2  startup_tm4c123.o(.text)
    TIMER5A_Handler                          0x00000391   Thumb Code     2  startup_tm4c123.o(.text)
    TIMER5B_Handler                          0x00000393   Thumb Code     2  startup_tm4c123.o(.text)
    WTIMER0A_Handler                         0x00000395   Thumb Code     2  startup_tm4c123.o(.text)
    WTIMER0B_Handler                         0x00000397   Thumb Code     2  startup_tm4c123.o(.text)
    WTIMER1A_Handler                         0x00000399   Thumb Code     2  startup_tm4c123.o(.text)
    WTIMER1B_Handler                         0x0000039b   Thumb Code     2  startup_tm4c123.o(.text)
    WTIMER2A_Handler                         0x0000039d   Thumb Code     2  startup_tm4c123.o(.text)
    WTIMER2B_Handler                         0x0000039f   Thumb Code     2  startup_tm4c123.o(.text)
    WTIMER3A_Handler                         0x000003a1   Thumb Code     2  startup_tm4c123.o(.text)
    WTIMER3B_Handler                         0x000003a3   Thumb Code     2  startup_tm4c123.o(.text)
    WTIMER4A_Handler                         0x000003a5   Thumb Code     2  startup_tm4c123.o(.text)
    WTIMER4B_Handler                         0x000003a7   Thumb Code     2  startup_tm4c123.o(.text)
    WTIMER5A_Handler                         0x000003a9   Thumb Code     2  startup_tm4c123.o(.text)
    WTIMER5B_Handler                         0x000003ab   Thumb Code     2  startup_tm4c123.o(.text)
    FPU_Handler                              0x000003ad   Thumb Code     2  startup_tm4c123.o(.text)
    I2C4_Handler                             0x000003af   Thumb Code     2  startup_tm4c123.o(.text)
    I2C5_Handler                             0x000003b1   Thumb Code     2  startup_tm4c123.o(.text)
    GPIOM_Handler                            0x000003b3   Thumb Code     2  startup_tm4c123.o(.text)
    GPION_Handler                            0x000003b5   Thumb Code     2  startup_tm4c123.o(.text)
    QEI2_Handler                             0x000003b7   Thumb Code     2  startup_tm4c123.o(.text)
    GPIOP0_Handler                           0x000003b9   Thumb Code     2  startup_tm4c123.o(.text)
    GPIOP1_Handler                           0x000003bb   Thumb Code     2  startup_tm4c123.o(.text)
    GPIOP2_Handler                           0x000003bd   Thumb Code     2  startup_tm4c123.o(.text)
    GPIOP3_Handler                           0x000003bf   Thumb Code     2  startup_tm4c123.o(.text)
    GPIOP4_Handler                           0x000003c1   Thumb Code     2  startup_tm4c123.o(.text)
    GPIOP5_Handler                           0x000003c3   Thumb Code     2  startup_tm4c123.o(.text)
    GPIOP6_Handler                           0x000003c5   Thumb Code     2  startup_tm4c123.o(.text)
    GPIOP7_Handler                           0x000003c7   Thumb Code     2  startup_tm4c123.o(.text)
    GPIOQ0_Handler                           0x000003c9   Thumb Code     2  startup_tm4c123.o(.text)
    GPIOQ1_Handler                           0x000003cb   Thumb Code     2  startup_tm4c123.o(.text)
    GPIOQ2_Handler                           0x000003cd   Thumb Code     2  startup_tm4c123.o(.text)
    GPIOQ3_Handler                           0x000003cf   Thumb Code     2  startup_tm4c123.o(.text)
    GPIOQ4_Handler                           0x000003d1   Thumb Code     2  startup_tm4c123.o(.text)
    GPIOQ5_Handler                           0x000003d3   Thumb Code     2  startup_tm4c123.o(.text)
    GPIOQ6_Handler                           0x000003d5   Thumb Code     2  startup_tm4c123.o(.text)
    GPIOQ7_Handler                           0x000003d7   Thumb Code     2  startup_tm4c123.o(.text)
    GPIOR_Handler                            0x000003d9   Thumb Code     2  startup_tm4c123.o(.text)
    GPIOS_Handler                            0x000003db   Thumb Code     2  startup_tm4c123.o(.text)
    PMW1_0_Handler                           0x000003dd   Thumb Code     2  startup_tm4c123.o(.text)
    PWM1_1_Handler                           0x000003df   Thumb Code     2  startup_tm4c123.o(.text)
    PWM1_2_Handler                           0x000003e1   Thumb Code     2  startup_tm4c123.o(.text)
    PWM1_3_Handler                           0x000003e3   Thumb Code     2  startup_tm4c123.o(.text)
    PWM1_FAULT_Handler                       0x000003e5   Thumb Code     2  startup_tm4c123.o(.text)
    __user_initial_stackheap                 0x000003e9   Thumb Code     0  startup_tm4c123.o(.text)
    __use_two_region_memory                  0x0000040d   Thumb Code     2  heapauxi.o(.text)
    __rt_heap_escrow$2region                 0x0000040f   Thumb Code     2  heapauxi.o(.text)
    __rt_heap_expand$2region                 0x00000411   Thumb Code     2  heapauxi.o(.text)
    __user_setup_stackheap                   0x00000413   Thumb Code    74  sys_stackheap_outer.o(.text)
    exit                                     0x0000045d   Thumb Code    18  exit.o(.text)
    __user_libspace                          0x00000471   Thumb Code     8  libspace.o(.text)
    __user_perproc_libspace                  0x00000471   Thumb Code     0  libspace.o(.text)
    __user_perthread_libspace                0x00000471   Thumb Code     0  libspace.o(.text)
    _sys_exit                                0x00000479   Thumb Code     8  sys_exit.o(.text)
    __I$use$semihosting                      0x00000485   Thumb Code     0  use_no_semi.o(.text)
    __use_no_semihosting_swi                 0x00000485   Thumb Code     2  use_no_semi.o(.text)
    __semihosting_library_function           0x00000487   Thumb Code     0  indicate_semi.o(.text)
    APP_ISR                                  0x00000489   Thumb Code   122  app.o(.text.APP_ISR)
    APP_Init                                 0x00000505   Thumb Code    90  app.o(.text.APP_Init)
    APP_Start                                0x00000561   Thumb Code    40  app.o(.text.APP_Start)
    CallBackFn                               0x00000589   Thumb Code    12  dio_program.o(.text.CallBackFn)
    DIO_DirectionChannel                     0x00000595   Thumb Code   258  dio_program.o(.text.DIO_DirectionChannel)
    DIO_ENInterrupt                          0x00000699   Thumb Code   216  dio_program.o(.text.DIO_ENInterrupt)
    DIO_PULLUP_PIN                           0x00000771   Thumb Code   276  dio_program.o(.text.DIO_PULLUP_PIN)
    DIO_READChannel                          0x00000885   Thumb Code   158  dio_program.o(.text.DIO_READChannel)
    DIO_WriteChannel                         0x00000925   Thumb Code   410  dio_program.o(.text.DIO_WriteChannel)
    GPIOF_Handler                            0x00000ac1   Thumb Code    42  dio_program.o(.text.GPIOF_Handler)
    GPTM_delay_millisec                      0x00000aed   Thumb Code   106  gptm_program.o(.text.GPTM_delay_millisec)
    GPTM_delay_sec                           0x00000b59   Thumb Code   110  gptm_program.o(.text.GPTM_delay_sec)
    IntCtrl_BasePriority                     0x00000bc9   Thumb Code    10  intctrl_lcfg.o(.text.IntCtrl_BasePriority)
    IntCtrl_Init                             0x00000bd5   Thumb Code   192  intctrl_program.o(.text.IntCtrl_Init)
    MCU_CLOCK_PERIPHERALS                    0x00000c95   Thumb Code    58  mcu_program.o(.text.MCU_CLOCK_PERIPHERALS)
    Mcu_InitClock                            0x00000cd1   Thumb Code    62  mcu_program.o(.text.Mcu_InitClock)
    TIMER0A_Handler                          0x00000d11   Thumb Code    24  gptm_program.o(.text.TIMER0A_Handler)
    main                                     0x00000d29   Thumb Code    38  main.o(.text.main)
    _fp_init                                 0x00000d4f   Thumb Code    26  fpinit.o(x$fpl$fpinit)
    __fplib_config_fpu_vfp                   0x00000d67   Thumb Code     0  fpinit.o(x$fpl$fpinit)
    __fplib_config_pureend_doubles           0x00000d67   Thumb Code     0  fpinit.o(x$fpl$fpinit)
    Enabled_Interrupts_0_31                  0x00000d68   Data          12  intctrl_lcfg.o(.rodata.Enabled_Interrupts_0_31)
    MCU_Clocked_Peripherals                  0x00000d74   Data           6  mcu_program.o(.rodata.MCU_Clocked_Peripherals)
    Region$$Table$$Base                      0x00000d7c   Number         0  anon$$obj.o(Region$$Table)
    Region$$Table$$Limit                     0x00000d8c   Number         0  anon$$obj.o(Region$$Table)
    __libspace_start                         0x20000000   Data          96  libspace.o(.bss)
    __temporary_stack_top$libspace           0x20000060   Data           0  libspace.o(.bss)
    off                                      0x20000074   Data           1  main.o(.bss.off)
    on                                       0x20000075   Data           1  main.o(.bss.on)
    ptrToFn                                  0x20000078   Data           4  dio_program.o(.bss.ptrToFn)



==============================================================================

Memory Map of the image

  Image Entry point : 0x000002f1

  Load Region LR_1 (Base: 0x00000000, Size: 0x00000d8c, Max: 0xffffffff, ABSOLUTE)

    Execution Region ER_RO (Exec base: 0x00000000, Load base: 0x00000000, Size: 0x00000d8c, Max: 0xffffffff, ABSOLUTE)

    Exec Addr    Load Addr    Size         Type   Attr      Idx    E Section Name        Object

    0x00000000   0x00000000   0x0000026c   Data   RO          120    RESET               startup_tm4c123.o
    0x0000026c   0x0000026c   0x00000008   Code   RO          132  * !!!main             c_w.l(__main.o)
    0x00000274   0x00000274   0x00000034   Code   RO          295    !!!scatter          c_w.l(__scatter.o)
    0x000002a8   0x000002a8   0x0000001c   Code   RO          297    !!handler_zi        c_w.l(__scatter_zi.o)
    0x000002c4   0x000002c4   0x00000002   Code   RO          159    .ARM.Collect$$libinit$$00000000  c_w.l(libinit.o)
    0x000002c6   0x000002c6   0x00000004   Code   RO          165    .ARM.Collect$$libinit$$00000001  c_w.l(libinit2.o)
    0x000002ca   0x000002ca   0x00000000   Code   RO          168    .ARM.Collect$$libinit$$00000004  c_w.l(libinit2.o)
    0x000002ca   0x000002ca   0x00000000   Code   RO          171    .ARM.Collect$$libinit$$0000000A  c_w.l(libinit2.o)
    0x000002ca   0x000002ca   0x00000000   Code   RO          173    .ARM.Collect$$libinit$$0000000C  c_w.l(libinit2.o)
    0x000002ca   0x000002ca   0x00000000   Code   RO          175    .ARM.Collect$$libinit$$0000000E  c_w.l(libinit2.o)
    0x000002ca   0x000002ca   0x00000000   Code   RO          178    .ARM.Collect$$libinit$$00000011  c_w.l(libinit2.o)
    0x000002ca   0x000002ca   0x00000000   Code   RO          180    .ARM.Collect$$libinit$$00000013  c_w.l(libinit2.o)
    0x000002ca   0x000002ca   0x00000000   Code   RO          182    .ARM.Collect$$libinit$$00000015  c_w.l(libinit2.o)
    0x000002ca   0x000002ca   0x00000000   Code   RO          184    .ARM.Collect$$libinit$$00000017  c_w.l(libinit2.o)
    0x000002ca   0x000002ca   0x00000000   Code   RO          186    .ARM.Collect$$libinit$$00000019  c_w.l(libinit2.o)
    0x000002ca   0x000002ca   0x00000000   Code   RO          188    .ARM.Collect$$libinit$$0000001B  c_w.l(libinit2.o)
    0x000002ca   0x000002ca   0x00000000   Code   RO          190    .ARM.Collect$$libinit$$0000001D  c_w.l(libinit2.o)
    0x000002ca   0x000002ca   0x00000000   Code   RO          192    .ARM.Collect$$libinit$$0000001F  c_w.l(libinit2.o)
    0x000002ca   0x000002ca   0x00000000   Code   RO          194    .ARM.Collect$$libinit$$00000021  c_w.l(libinit2.o)
    0x000002ca   0x000002ca   0x00000000   Code   RO          196    .ARM.Collect$$libinit$$00000023  c_w.l(libinit2.o)
    0x000002ca   0x000002ca   0x00000000   Code   RO          198    .ARM.Collect$$libinit$$00000025  c_w.l(libinit2.o)
    0x000002ca   0x000002ca   0x00000000   Code   RO          202    .ARM.Collect$$libinit$$0000002C  c_w.l(libinit2.o)
    0x000002ca   0x000002ca   0x00000000   Code   RO          204    .ARM.Collect$$libinit$$0000002E  c_w.l(libinit2.o)
    0x000002ca   0x000002ca   0x00000000   Code   RO          206    .ARM.Collect$$libinit$$00000030  c_w.l(libinit2.o)
    0x000002ca   0x000002ca   0x00000000   Code   RO          208    .ARM.Collect$$libinit$$00000032  c_w.l(libinit2.o)
    0x000002ca   0x000002ca   0x00000002   Code   RO          209    .ARM.Collect$$libinit$$00000033  c_w.l(libinit2.o)
    0x000002cc   0x000002cc   0x00000002   Code   RO          231    .ARM.Collect$$libshutdown$$00000000  c_w.l(libshutdown.o)
    0x000002ce   0x000002ce   0x00000000   Code   RO          246    .ARM.Collect$$libshutdown$$00000002  c_w.l(libshutdown2.o)
    0x000002ce   0x000002ce   0x00000000   Code   RO          248    .ARM.Collect$$libshutdown$$00000004  c_w.l(libshutdown2.o)
    0x000002ce   0x000002ce   0x00000000   Code   RO          251    .ARM.Collect$$libshutdown$$00000007  c_w.l(libshutdown2.o)
    0x000002ce   0x000002ce   0x00000000   Code   RO          254    .ARM.Collect$$libshutdown$$0000000A  c_w.l(libshutdown2.o)
    0x000002ce   0x000002ce   0x00000000   Code   RO          256    .ARM.Collect$$libshutdown$$0000000C  c_w.l(libshutdown2.o)
    0x000002ce   0x000002ce   0x00000000   Code   RO          259    .ARM.Collect$$libshutdown$$0000000F  c_w.l(libshutdown2.o)
    0x000002ce   0x000002ce   0x00000002   Code   RO          260    .ARM.Collect$$libshutdown$$00000010  c_w.l(libshutdown2.o)
    0x000002d0   0x000002d0   0x00000000   Code   RO          134    .ARM.Collect$$rtentry$$00000000  c_w.l(__rtentry.o)
    0x000002d0   0x000002d0   0x00000000   Code   RO          136    .ARM.Collect$$rtentry$$00000002  c_w.l(__rtentry2.o)
    0x000002d0   0x000002d0   0x00000006   Code   RO          148    .ARM.Collect$$rtentry$$00000004  c_w.l(__rtentry4.o)
    0x000002d6   0x000002d6   0x00000000   Code   RO          138    .ARM.Collect$$rtentry$$00000009  c_w.l(__rtentry2.o)
    0x000002d6   0x000002d6   0x00000004   Code   RO          139    .ARM.Collect$$rtentry$$0000000A  c_w.l(__rtentry2.o)
    0x000002da   0x000002da   0x00000000   Code   RO          141    .ARM.Collect$$rtentry$$0000000C  c_w.l(__rtentry2.o)
    0x000002da   0x000002da   0x00000008   Code   RO          142    .ARM.Collect$$rtentry$$0000000D  c_w.l(__rtentry2.o)
    0x000002e2   0x000002e2   0x00000002   Code   RO          163    .ARM.Collect$$rtexit$$00000000  c_w.l(rtexit.o)
    0x000002e4   0x000002e4   0x00000000   Code   RO          211    .ARM.Collect$$rtexit$$00000002  c_w.l(rtexit2.o)
    0x000002e4   0x000002e4   0x00000004   Code   RO          212    .ARM.Collect$$rtexit$$00000003  c_w.l(rtexit2.o)
    0x000002e8   0x000002e8   0x00000006   Code   RO          213    .ARM.Collect$$rtexit$$00000004  c_w.l(rtexit2.o)
    0x000002ee   0x000002ee   0x00000002   PAD
    0x000002f0   0x000002f0   0x0000011c   Code   RO          121  * .text               startup_tm4c123.o
    0x0000040c   0x0000040c   0x00000006   Code   RO          130    .text               c_w.l(heapauxi.o)
    0x00000412   0x00000412   0x0000004a   Code   RO          150    .text               c_w.l(sys_stackheap_outer.o)
    0x0000045c   0x0000045c   0x00000012   Code   RO          152    .text               c_w.l(exit.o)
    0x0000046e   0x0000046e   0x00000002   PAD
    0x00000470   0x00000470   0x00000008   Code   RO          160    .text               c_w.l(libspace.o)
    0x00000478   0x00000478   0x0000000c   Code   RO          221    .text               c_w.l(sys_exit.o)
    0x00000484   0x00000484   0x00000002   Code   RO          236    .text               c_w.l(use_no_semi.o)
    0x00000486   0x00000486   0x00000000   Code   RO          238    .text               c_w.l(indicate_semi.o)
    0x00000486   0x00000486   0x00000002   PAD
    0x00000488   0x00000488   0x0000007a   Code   RO           96    .text.APP_ISR       app.o
    0x00000502   0x00000502   0x00000002   PAD
    0x00000504   0x00000504   0x0000005a   Code   RO           94    .text.APP_Init      app.o
    0x0000055e   0x0000055e   0x00000002   PAD
    0x00000560   0x00000560   0x00000028   Code   RO           98    .text.APP_Start     app.o
    0x00000588   0x00000588   0x0000000c   Code   RO           18    .text.CallBackFn    dio_program.o
    0x00000594   0x00000594   0x00000102   Code   RO           12    .text.DIO_DirectionChannel  dio_program.o
    0x00000696   0x00000696   0x00000002   PAD
    0x00000698   0x00000698   0x000000d8   Code   RO           16    .text.DIO_ENInterrupt  dio_program.o
    0x00000770   0x00000770   0x00000114   Code   RO           14    .text.DIO_PULLUP_PIN  dio_program.o
    0x00000884   0x00000884   0x0000009e   Code   RO            2    .text.DIO_READChannel  dio_program.o
    0x00000922   0x00000922   0x00000002   PAD
    0x00000924   0x00000924   0x0000019a   Code   RO            4    .text.DIO_WriteChannel  dio_program.o
    0x00000abe   0x00000abe   0x00000002   PAD
    0x00000ac0   0x00000ac0   0x0000002a   Code   RO           20    .text.GPIOF_Handler  dio_program.o
    0x00000aea   0x00000aea   0x00000002   PAD
    0x00000aec   0x00000aec   0x0000006a   Code   RO           82    .text.GPTM_delay_millisec  gptm_program.o
    0x00000b56   0x00000b56   0x00000002   PAD
    0x00000b58   0x00000b58   0x0000006e   Code   RO           80    .text.GPTM_delay_sec  gptm_program.o
    0x00000bc6   0x00000bc6   0x00000002   PAD
    0x00000bc8   0x00000bc8   0x0000000a   Code   RO           54    .text.IntCtrl_BasePriority  intctrl_lcfg.o
    0x00000bd2   0x00000bd2   0x00000002   PAD
    0x00000bd4   0x00000bd4   0x000000c0   Code   RO           63    .text.IntCtrl_Init  intctrl_program.o
    0x00000c94   0x00000c94   0x0000003a   Code   RO           42    .text.MCU_CLOCK_PERIPHERALS  mcu_program.o
    0x00000cce   0x00000cce   0x00000002   PAD
    0x00000cd0   0x00000cd0   0x0000003e   Code   RO           36    .text.Mcu_InitClock  mcu_program.o
    0x00000d0e   0x00000d0e   0x00000002   PAD
    0x00000d10   0x00000d10   0x00000018   Code   RO           84    .text.TIMER0A_Handler  gptm_program.o
    0x00000d28   0x00000d28   0x00000026   Code   RO          108    .text.main          main.o
    0x00000d4e   0x00000d4e   0x0000001a   Code   RO          219    x$fpl$fpinit        fz_wm.l(fpinit.o)
    0x00000d68   0x00000d68   0x0000000c   Data   RO           56    .rodata.Enabled_Interrupts_0_31  intctrl_lcfg.o
    0x00000d74   0x00000d74   0x00000006   Data   RO           45    .rodata.MCU_Clocked_Peripherals  mcu_program.o
    0x00000d7a   0x00000d7a   0x00000002   PAD
    0x00000d7c   0x00000d7c   0x00000010   Data   RO          294    Region$$Table       anon$$obj.o


    Execution Region ER_RW (Exec base: 0x20000000, Load base: 0x00000d8c, Size: 0x00000000, Max: 0xffffffff, ABSOLUTE)

    **** No section assigned to this execution region ****


    Execution Region ER_ZI (Exec base: 0x20000000, Load base: 0x00000d8c, Size: 0x00000280, Max: 0xffffffff, ABSOLUTE)

    Exec Addr    Load Addr    Size         Type   Attr      Idx    E Section Name        Object

    0x20000000        -       0x00000060   Zero   RW          161    .bss                c_w.l(libspace.o)
    0x20000060        -       0x00000004   Zero   RW           66    .bss.BIT_EN         intctrl_program.o
    0x20000064        -       0x00000004   Zero   RW           68    .bss.Bit_offset     intctrl_program.o
    0x20000068        -       0x00000004   Zero   RW           69    .bss.NVIC_PRI       intctrl_program.o
    0x2000006c        -       0x00000004   Zero   RW           65    .bss.REG_EN         intctrl_program.o
    0x20000070        -       0x00000004   Zero   RW           67    .bss.Reg_offset     intctrl_program.o
    0x20000074        -       0x00000001   Zero   RW          111    .bss.off            main.o
    0x20000075        -       0x00000001   Zero   RW          110    .bss.on             main.o
    0x20000076   0x00000d8c   0x00000002   PAD
    0x20000078        -       0x00000004   Zero   RW           22    .bss.ptrToFn        dio_program.o
    0x2000007c        -       0x00000004   Zero   RW           23    .bss.reg            dio_program.o
    0x20000080        -       0x00000000   Zero   RW          119    HEAP                startup_tm4c123.o
    0x20000080        -       0x00000200   Zero   RW          118    STACK               startup_tm4c123.o


==============================================================================

Image component sizes


      Code (inc. data)   RO Data    RW Data    ZI Data      Debug   Object Name

       252          0          0          0          0       1059   app.o
      1372         36          0          0          8       4283   dio_program.o
       240          0          0          0          0       1405   gptm_program.o
        10          0         12          0          0       1469   intctrl_lcfg.o
       192          0          0          0         20        973   intctrl_program.o
        38          0          0          0          2        509   main.o
       120          0          6          0          0       2957   mcu_program.o
       284         28        620          0        512       5492   startup_tm4c123.o

    ----------------------------------------------------------------------
      2530         64        656          0        544      18147   Object Totals
         0          0         16          0          0          0   (incl. Generated)
        22          0          2          0          2          0   (incl. Padding)

    ----------------------------------------------------------------------

      Code (inc. data)   RO Data    RW Data    ZI Data      Debug   Library Member Name

         8          0          0          0          0         68   __main.o
         0          0          0          0          0          0   __rtentry.o
        12          0          0          0          0          0   __rtentry2.o
         6          0          0          0          0          0   __rtentry4.o
        52          8          0          0          0          0   __scatter.o
        28          0          0          0          0          0   __scatter_zi.o
        18          0          0          0          0         80   exit.o
         6          0          0          0          0        152   heapauxi.o
         0          0          0          0          0          0   indicate_semi.o
         2          0          0          0          0          0   libinit.o
         6          0          0          0          0          0   libinit2.o
         2          0          0          0          0          0   libshutdown.o
         2          0          0          0          0          0   libshutdown2.o
         8          4          0          0         96         68   libspace.o
         2          0          0          0          0          0   rtexit.o
        10          0          0          0          0          0   rtexit2.o
        12          4          0          0          0         68   sys_exit.o
        74          0          0          0          0         80   sys_stackheap_outer.o
         2          0          0          0          0         68   use_no_semi.o
        26          0          0          0          0        116   fpinit.o

    ----------------------------------------------------------------------
       282         16          0          0         96        700   Library Totals
         6          0          0          0          0          0   (incl. Padding)

    ----------------------------------------------------------------------

      Code (inc. data)   RO Data    RW Data    ZI Data      Debug   Library Name

       250         16          0          0         96        584   c_w.l
        26          0          0          0          0        116   fz_wm.l

    ----------------------------------------------------------------------
       282         16          0          0         96        700   Library Totals

    ----------------------------------------------------------------------

==============================================================================


      Code (inc. data)   RO Data    RW Data    ZI Data      Debug   

      2812         80        656          0        640      18527   Grand Totals
      2812         80        656          0        640      18527   ELF Image Totals
      2812         80        656          0          0          0   ROM Totals

==============================================================================

    Total RO  Size (Code + RO Data)                 3468 (   3.39kB)
    Total RW  Size (RW Data + ZI Data)               640 (   0.63kB)
    Total ROM Size (Code + RO Data + RW Data)       3468 (   3.39kB)

==============================================================================

